Archive member included to satisfy reference by file (symbol)

/Applications/STM32CubeIDE.app/Contents/Eclipse/plugins/com.st.stm32cube.ide.mcu.externaltools.gnu-tools-for-stm32.7-2018-q2-update.macos64_1.5.0.202011040924/tools/bin/../lib/gcc/arm-none-eabi/7.3.1/../../../../arm-none-eabi/lib/thumb/v7e-m/fpv4-sp/hard/libc_nano.a(lib_a-errno.o)
                              Core/Src/syscalls.o (__errno)
/Applications/STM32CubeIDE.app/Contents/Eclipse/plugins/com.st.stm32cube.ide.mcu.externaltools.gnu-tools-for-stm32.7-2018-q2-update.macos64_1.5.0.202011040924/tools/bin/../lib/gcc/arm-none-eabi/7.3.1/../../../../arm-none-eabi/lib/thumb/v7e-m/fpv4-sp/hard/libc_nano.a(lib_a-exit.o)
                              /Applications/STM32CubeIDE.app/Contents/Eclipse/plugins/com.st.stm32cube.ide.mcu.externaltools.gnu-tools-for-stm32.7-2018-q2-update.macos64_1.5.0.202011040924/tools/bin/../lib/gcc/arm-none-eabi/7.3.1/../../../../arm-none-eabi/lib/thumb/v7e-m/fpv4-sp/hard/crt0.o (exit)
/Applications/STM32CubeIDE.app/Contents/Eclipse/plugins/com.st.stm32cube.ide.mcu.externaltools.gnu-tools-for-stm32.7-2018-q2-update.macos64_1.5.0.202011040924/tools/bin/../lib/gcc/arm-none-eabi/7.3.1/../../../../arm-none-eabi/lib/thumb/v7e-m/fpv4-sp/hard/libc_nano.a(lib_a-impure.o)
                              /Applications/STM32CubeIDE.app/Contents/Eclipse/plugins/com.st.stm32cube.ide.mcu.externaltools.gnu-tools-for-stm32.7-2018-q2-update.macos64_1.5.0.202011040924/tools/bin/../lib/gcc/arm-none-eabi/7.3.1/../../../../arm-none-eabi/lib/thumb/v7e-m/fpv4-sp/hard/libc_nano.a(lib_a-exit.o) (_global_impure_ptr)
/Applications/STM32CubeIDE.app/Contents/Eclipse/plugins/com.st.stm32cube.ide.mcu.externaltools.gnu-tools-for-stm32.7-2018-q2-update.macos64_1.5.0.202011040924/tools/bin/../lib/gcc/arm-none-eabi/7.3.1/../../../../arm-none-eabi/lib/thumb/v7e-m/fpv4-sp/hard/libc_nano.a(lib_a-init.o)
                              /Applications/STM32CubeIDE.app/Contents/Eclipse/plugins/com.st.stm32cube.ide.mcu.externaltools.gnu-tools-for-stm32.7-2018-q2-update.macos64_1.5.0.202011040924/tools/bin/../lib/gcc/arm-none-eabi/7.3.1/../../../../arm-none-eabi/lib/thumb/v7e-m/fpv4-sp/hard/crt0.o (__libc_init_array)
/Applications/STM32CubeIDE.app/Contents/Eclipse/plugins/com.st.stm32cube.ide.mcu.externaltools.gnu-tools-for-stm32.7-2018-q2-update.macos64_1.5.0.202011040924/tools/bin/../lib/gcc/arm-none-eabi/7.3.1/../../../../arm-none-eabi/lib/thumb/v7e-m/fpv4-sp/hard/libc_nano.a(lib_a-memset.o)
                              /Applications/STM32CubeIDE.app/Contents/Eclipse/plugins/com.st.stm32cube.ide.mcu.externaltools.gnu-tools-for-stm32.7-2018-q2-update.macos64_1.5.0.202011040924/tools/bin/../lib/gcc/arm-none-eabi/7.3.1/../../../../arm-none-eabi/lib/thumb/v7e-m/fpv4-sp/hard/crt0.o (memset)
/Applications/STM32CubeIDE.app/Contents/Eclipse/plugins/com.st.stm32cube.ide.mcu.externaltools.gnu-tools-for-stm32.7-2018-q2-update.macos64_1.5.0.202011040924/tools/bin/../lib/gcc/arm-none-eabi/7.3.1/../../../../arm-none-eabi/lib/thumb/v7e-m/fpv4-sp/hard/libm.a(lib_a-sf_floor.o)
                              Core/Src/main.o (floorf)
/Applications/STM32CubeIDE.app/Contents/Eclipse/plugins/com.st.stm32cube.ide.mcu.externaltools.gnu-tools-for-stm32.7-2018-q2-update.macos64_1.5.0.202011040924/tools/bin/../lib/gcc/arm-none-eabi/7.3.1/thumb/v7e-m/fpv4-sp/hard/libgcc.a(_arm_addsubdf3.o)
                              Core/Src/bmp280.o (__aeabi_dsub)
/Applications/STM32CubeIDE.app/Contents/Eclipse/plugins/com.st.stm32cube.ide.mcu.externaltools.gnu-tools-for-stm32.7-2018-q2-update.macos64_1.5.0.202011040924/tools/bin/../lib/gcc/arm-none-eabi/7.3.1/thumb/v7e-m/fpv4-sp/hard/libgcc.a(_arm_muldivdf3.o)
                              Core/Src/bmp280.o (__aeabi_dmul)
/Applications/STM32CubeIDE.app/Contents/Eclipse/plugins/com.st.stm32cube.ide.mcu.externaltools.gnu-tools-for-stm32.7-2018-q2-update.macos64_1.5.0.202011040924/tools/bin/../lib/gcc/arm-none-eabi/7.3.1/thumb/v7e-m/fpv4-sp/hard/libgcc.a(_arm_cmpdf2.o)
                              Core/Src/bmp280.o (__aeabi_dcmplt)
/Applications/STM32CubeIDE.app/Contents/Eclipse/plugins/com.st.stm32cube.ide.mcu.externaltools.gnu-tools-for-stm32.7-2018-q2-update.macos64_1.5.0.202011040924/tools/bin/../lib/gcc/arm-none-eabi/7.3.1/thumb/v7e-m/fpv4-sp/hard/libgcc.a(_arm_fixdfsi.o)
                              Core/Src/bmp280.o (__aeabi_d2iz)
/Applications/STM32CubeIDE.app/Contents/Eclipse/plugins/com.st.stm32cube.ide.mcu.externaltools.gnu-tools-for-stm32.7-2018-q2-update.macos64_1.5.0.202011040924/tools/bin/../lib/gcc/arm-none-eabi/7.3.1/thumb/v7e-m/fpv4-sp/hard/libgcc.a(_arm_truncdfsf2.o)
                              Core/Src/main.o (__aeabi_d2f)
/Applications/STM32CubeIDE.app/Contents/Eclipse/plugins/com.st.stm32cube.ide.mcu.externaltools.gnu-tools-for-stm32.7-2018-q2-update.macos64_1.5.0.202011040924/tools/bin/../lib/gcc/arm-none-eabi/7.3.1/thumb/v7e-m/fpv4-sp/hard/libgcc.a(_aeabi_ldivmod.o)
                              Core/Src/bmp280.o (__aeabi_ldivmod)
[...]
Memory Configuration

Name             Origin             Length             Attributes
RAM              0x0000000020000000 0x0000000000050000 xrw
FLASH            0x0000000008000000 0x0000000000100000 xr
*default*        0x0000000000000000 0xffffffffffffffff

Linker script and memory map

LOAD /Applications/STM32CubeIDE.app/Contents/Eclipse/plugins/com.st.stm32cube.ide.mcu.externaltools.gnu-tools-for-stm32.7-2018-q2-update.macos64_1.5.0.202011040924/tools/bin/../lib/gcc/arm-none-eabi/7.3.1/thumb/v7e-m/fpv4-sp/hard/crti.o
LOAD /Applications/STM32CubeIDE.app/Contents/Eclipse/plugins/com.st.stm32cube.ide.mcu.externaltools.gnu-tools-for-stm32.7-2018-q2-update.macos64_1.5.0.202011040924/tools/bin/../lib/gcc/arm-none-eabi/7.3.1/thumb/v7e-m/fpv4-sp/hard/crtbegin.o
LOAD /Applications/STM32CubeIDE.app/Contents/Eclipse/plugins/com.st.stm32cube.ide.mcu.externaltools.gnu-tools-for-stm32.7-2018-q2-update.macos64_1.5.0.202011040924/tools/bin/../lib/gcc/arm-none-eabi/7.3.1/../../../../arm-none-eabi/lib/thumb/v7e-m/fpv4-sp/hard/crt0.o
LOAD Core/Src/bmp280.o
LOAD Core/Src/gpio.o
LOAD Core/Src/main.o
LOAD Core/Src/spi.o
LOAD Core/Src/stm32f7xx_hal_msp.o
LOAD Core/Src/stm32f7xx_it.o
LOAD Core/Src/syscalls.o
LOAD Core/Src/sysmem.o
LOAD Core/Src/system_stm32f7xx.o
LOAD Core/Src/tim.o
LOAD Core/Src/usart.o
LOAD Core/Startup/startup_stm32f746zgtx.o
LOAD Drivers/STM32F7xx_HAL_Driver/Src/stm32f7xx_hal.o
LOAD Drivers/STM32F7xx_HAL_Driver/Src/stm32f7xx_hal_cortex.o
LOAD Drivers/STM32F7xx_HAL_Driver/Src/stm32f7xx_hal_dma.o
LOAD Drivers/STM32F7xx_HAL_Driver/Src/stm32f7xx_hal_dma_ex.o
LOAD Drivers/STM32F7xx_HAL_Driver/Src/stm32f7xx_hal_exti.o
LOAD Drivers/STM32F7xx_HAL_Driver/Src/stm32f7xx_hal_flash.o
LOAD Drivers/STM32F7xx_HAL_Driver/Src/stm32f7xx_hal_flash_ex.o
LOAD Drivers/STM32F7xx_HAL_Driver/Src/stm32f7xx_hal_gpio.o
LOAD Drivers/STM32F7xx_HAL_Driver/Src/stm32f7xx_hal_i2c.o
LOAD Drivers/STM32F7xx_HAL_Driver/Src/stm32f7xx_hal_i2c_ex.o
LOAD Drivers/STM32F7xx_HAL_Driver/Src/stm32f7xx_hal_pwr.o
LOAD Drivers/STM32F7xx_HAL_Driver/Src/stm32f7xx_hal_pwr_ex.o
LOAD Drivers/STM32F7xx_HAL_Driver/Src/stm32f7xx_hal_rcc.o
LOAD Drivers/STM32F7xx_HAL_Driver/Src/stm32f7xx_hal_rcc_ex.o
LOAD Drivers/STM32F7xx_HAL_Driver/Src/stm32f7xx_hal_spi.o
LOAD Drivers/STM32F7xx_HAL_Driver/Src/stm32f7xx_hal_spi_ex.o
LOAD Drivers/STM32F7xx_HAL_Driver/Src/stm32f7xx_hal_tim.o
LOAD Drivers/STM32F7xx_HAL_Driver/Src/stm32f7xx_hal_tim_ex.o
LOAD Drivers/STM32F7xx_HAL_Driver/Src/stm32f7xx_hal_uart.o
LOAD Drivers/STM32F7xx_HAL_Driver/Src/stm32f7xx_hal_uart_ex.o
START GROUP
LOAD /Applications/STM32CubeIDE.app/Contents/Eclipse/plugins/com.st.stm32cube.ide.mcu.externaltools.gnu-tools-for-stm32.7-2018-q2-update.macos64_1.5.0.202011040924/tools/bin/../lib/gcc/arm-none-eabi/7.3.1/../../../../arm-none-eabi/lib/thumb/v7e-m/fpv4-sp/hard/libc_nano.a
LOAD /Applications/STM32CubeIDE.app/Contents/Eclipse/plugins/com.st.stm32cube.ide.mcu.externaltools.gnu-tools-for-stm32.7-2018-q2-update.macos64_1.5.0.202011040924/tools/bin/../lib/gcc/arm-none-eabi/7.3.1/../../../../arm-none-eabi/lib/thumb/v7e-m/fpv4-sp/hard/libm.a
END GROUP
START GROUP
LOAD /Applications/STM32CubeIDE.app/Contents/Eclipse/plugins/com.st.stm32cube.ide.mcu.externaltools.gnu-tools-for-stm32.7-2018-q2-update.macos64_1.5.0.202011040924/tools/bin/../lib/gcc/arm-none-eabi/7.3.1/thumb/v7e-m/fpv4-sp/hard/libgcc.a
LOAD /Applications/STM32CubeIDE.app/Contents/Eclipse/plugins/com.st.stm32cube.ide.mcu.externaltools.gnu-tools-for-stm32.7-2018-q2-update.macos64_1.5.0.202011040924/tools/bin/../lib/gcc/arm-none-eabi/7.3.1/../../../../arm-none-eabi/lib/thumb/v7e-m/fpv4-sp/hard/libc_nano.a
END GROUP
START GROUP
LOAD /Applications/STM32CubeIDE.app/Contents/Eclipse/plugins/com.st.stm32cube.ide.mcu.externaltools.gnu-tools-for-stm32.7-2018-q2-update.macos64_1.5.0.202011040924/tools/bin/../lib/gcc/arm-none-eabi/7.3.1/thumb/v7e-m/fpv4-sp/hard/libgcc.a
LOAD /Applications/STM32CubeIDE.app/Contents/Eclipse/plugins/com.st.stm32cube.ide.mcu.externaltools.gnu-tools-for-stm32.7-2018-q2-update.macos64_1.5.0.202011040924/tools/bin/../lib/gcc/arm-none-eabi/7.3.1/../../../../arm-none-eabi/lib/thumb/v7e-m/fpv4-sp/hard/libc_nano.a
LOAD /Applications/STM32CubeIDE.app/Contents/Eclipse/plugins/com.st.stm32cube.ide.mcu.externaltools.gnu-tools-for-stm32.7-2018-q2-update.macos64_1.5.0.202011040924/tools/bin/../lib/gcc/arm-none-eabi/7.3.1/../../../../arm-none-eabi/lib/thumb/v7e-m/fpv4-sp/hard/libnosys.a
END GROUP
START GROUP
LOAD /Applications/STM32CubeIDE.app/Contents/Eclipse/plugins/com.st.stm32cube.ide.mcu.externaltools.gnu-tools-for-stm32.7-2018-q2-update.macos64_1.5.0.202011040924/tools/bin/../lib/gcc/arm-none-eabi/7.3.1/thumb/v7e-m/fpv4-sp/hard/libgcc.a
LOAD /Applications/STM32CubeIDE.app/Contents/Eclipse/plugins/com.st.stm32cube.ide.mcu.externaltools.gnu-tools-for-stm32.7-2018-q2-update.macos64_1.5.0.202011040924/tools/bin/../lib/gcc/arm-none-eabi/7.3.1/../../../../arm-none-eabi/lib/thumb/v7e-m/fpv4-sp/hard/libc_nano.a
LOAD /Applications/STM32CubeIDE.app/Contents/Eclipse/plugins/com.st.stm32cube.ide.mcu.externaltools.gnu-tools-for-stm32.7-2018-q2-update.macos64_1.5.0.202011040924/tools/bin/../lib/gcc/arm-none-eabi/7.3.1/../../../../arm-none-eabi/lib/thumb/v7e-m/fpv4-sp/hard/libnosys.a
END GROUP
LOAD /Applications/STM32CubeIDE.app/Contents/Eclipse/plugins/com.st.stm32cube.ide.mcu.externaltools.gnu-tools-for-stm32.7-2018-q2-update.macos64_1.5.0.202011040924/tools/bin/../lib/gcc/arm-none-eabi/7.3.1/thumb/v7e-m/fpv4-sp/hard/crtend.o
LOAD /Applications/STM32CubeIDE.app/Contents/Eclipse/plugins/com.st.stm32cube.ide.mcu.externaltools.gnu-tools-for-stm32.7-2018-q2-update.macos64_1.5.0.202011040924/tools/bin/../lib/gcc/arm-none-eabi/7.3.1/thumb/v7e-m/fpv4-sp/hard/crtn.o
                0x0000000020050000                _estack = (ORIGIN (RAM) + LENGTH (RAM))
                0x0000000000000200                _Min_Heap_Size = 0x200
                0x0000000000000400                _Min_Stack_Size = 0x400

.isr_vector     0x0000000008000000      0x1c8
                0x0000000008000000                . = ALIGN (0x4)
 *(.isr_vector)
 .isr_vector    0x0000000008000000      0x1c8 Core/Startup/startup_stm32f746zgtx.o
                0x0000000008000000                g_pfnVectors
                0x00000000080001c8                . = ALIGN (0x4)

.text           0x00000000080001c8     0x6a90
                0x00000000080001c8                . = ALIGN (0x4)
 *(.text)
 .text          0x00000000080001c8       0x40 /Applications/STM32CubeIDE.app/Contents/Eclipse/plugins/com.st.stm32cube.ide.mcu.externaltools.gnu-tools-for-stm32.7-2018-q2-update.macos64_1.5.0.202011040924/tools/bin/../lib/gcc/arm-none-eabi/7.3.1/thumb/v7e-m/fpv4-sp/hard/crtbegin.o
 .text          0x0000000008000208      0x378 /Applications/STM32CubeIDE.app/Contents/Eclipse/plugins/com.st.stm32cube.ide.mcu.externaltools.gnu-tools-for-stm32.7-2018-q2-update.macos64_1.5.0.202011040924/tools/bin/../lib/gcc/arm-none-eabi/7.3.1/thumb/v7e-m/fpv4-sp/hard/libgcc.a(_arm_addsubdf3.o)
                0x0000000008000208                __aeabi_drsub
                0x0000000008000210                __subdf3
                0x0000000008000210                __aeabi_dsub
                0x0000000008000214                __aeabi_dadd
                0x0000000008000214                __adddf3
                0x000000000800048c                __aeabi_ui2d
                0x000000000800048c                __floatunsidf
                0x00000000080004ac                __floatsidf
                0x00000000080004ac                __aeabi_i2d
                0x00000000080004d0                __extendsfdf2
                0x00000000080004d0                __aeabi_f2d
                0x0000000008000514                __aeabi_ul2d
                0x0000000008000514                __floatundidf
                0x0000000008000524                __aeabi_l2d
                0x0000000008000524                __floatdidf
 .text          0x0000000008000580      0x424 /Applications/STM32CubeIDE.app/Contents/Eclipse/plugins/com.st.stm32cube.ide.mcu.externaltools.gnu-tools-for-stm32.7-2018-q2-update.macos64_1.5.0.202011040924/tools/bin/../lib/gcc/arm-none-eabi/7.3.1/thumb/v7e-m/fpv4-sp/hard/libgcc.a(_arm_muldivdf3.o)
                0x0000000008000580                __aeabi_dmul
                0x0000000008000580                __muldf3
                0x00000000080007d4                __aeabi_ddiv
                0x00000000080007d4                __divdf3
 .text          0x00000000080009a4       0x50 /Applications/STM32CubeIDE.app/Contents/Eclipse/plugins/com.st.stm32cube.ide.mcu.externaltools.gnu-tools-for-stm32.7-2018-q2-update.macos64_1.5.0.202011040924/tools/bin/../lib/gcc/arm-none-eabi/7.3.1/thumb/v7e-m/fpv4-sp/hard/libgcc.a(_arm_fixdfsi.o)
                0x00000000080009a4                __fixdfsi
                0x00000000080009a4                __aeabi_d2iz
 .text          0x00000000080009f4       0xa0 /Applications/STM32CubeIDE.app/Contents/Eclipse/plugins/com.st.stm32cube.ide.mcu.externaltools.gnu-tools-for-stm32.7-2018-q2-update.macos64_1.5.0.202011040924/tools/bin/../lib/gcc/arm-none-eabi/7.3.1/thumb/v7e-m/fpv4-sp/hard/libgcc.a(_arm_truncdfsf2.o)
                0x00000000080009f4                __aeabi_d2f
                0x00000000080009f4                __truncdfsf2
 .text          0x0000000008000a94       0x30 /Applications/STM32CubeIDE.app/Contents/Eclipse/plugins/com.st.stm32cube.ide.mcu.externaltools.gnu-tools-for-stm32.7-2018-q2-update.macos64_1.5.0.202011040924/tools/bin/../lib/gcc/arm-none-eabi/7.3.1/thumb/v7e-m/fpv4-sp/hard/libgcc.a(_aeabi_uldivmod.o)
                0x0000000008000a94                __aeabi_uldivmod
 .text          0x0000000008000ac4      0x2cc /Applications/STM32CubeIDE.app/Contents/Eclipse/plugins/com.st.stm32cube.ide.mcu.externaltools.gnu-tools-for-stm32.7-2018-q2-update.macos64_1.5.0.202011040924/tools/bin/../lib/gcc/arm-none-eabi/7.3.1/thumb/v7e-m/fpv4-sp/hard/libgcc.a(_udivmoddi4.o)
                0x0000000008000ac4                __udivmoddi4
 .text          0x0000000008000d90        0x4 /Applications/STM32CubeIDE.app/Contents/Eclipse/plugins/com.st.stm32cube.ide.mcu.externaltools.gnu-tools-for-stm32.7-2018-q2-update.macos64_1.5.0.202011040924/tools/bin/../lib/gcc/arm-none-eabi/7.3.1/thumb/v7e-m/fpv4-sp/hard/libgcc.a(_dvmd_tls.o)
                0x0000000008000d90                __aeabi_ldiv0
                0x0000000008000d90                __aeabi_idiv0
 *(.text*)
 .text.bmp280_get_regs
                0x0000000008000d94       0x6e Core/Src/bmp280.o
                0x0000000008000d94                bmp280_get_regs
 .text.bmp280_set_regs
                0x0000000008000e02       0xdc Core/Src/bmp280.o
                0x0000000008000e02                bmp280_set_regs
 .text.bmp280_soft_reset
                0x0000000008000ede       0x4a Core/Src/bmp280.o
                0x0000000008000ede                bmp280_soft_reset
 .text.bmp280_init
                0x0000000008000f28       0xcc Core/Src/bmp280.o
                0x0000000008000f28                bmp280_init
 .text.bmp280_get_config
                0x0000000008000ff4       0xa4 Core/Src/bmp280.o
                0x0000000008000ff4                bmp280_get_config
 .text.bmp280_set_config
                0x0000000008001098       0x1e Core/Src/bmp280.o
                0x0000000008001098                bmp280_set_config
 .text.bmp280_set_power_mode
                0x00000000080010b6       0x3e Core/Src/bmp280.o
                0x00000000080010b6                bmp280_set_power_mode
 .text.bmp280_get_uncomp_data
                0x00000000080010f4       0x9e Core/Src/bmp280.o
                0x00000000080010f4                bmp280_get_uncomp_data
 .text.bmp280_get_comp_temp_32bit
                0x0000000008001192       0xd6 Core/Src/bmp280.o
                0x0000000008001192                bmp280_get_comp_temp_32bit
 .text.bmp280_get_comp_temp_double
                0x0000000008001268      0x1b0 Core/Src/bmp280.o
                0x0000000008001268                bmp280_get_comp_temp_double
 .text.null_ptr_check
                0x0000000008001418       0x40 Core/Src/bmp280.o
 .text.interleave_data
                0x0000000008001458       0x56 Core/Src/bmp280.o
 .text.get_calib_param
                0x00000000080014ae      0x13a Core/Src/bmp280.o
 .text.conf_sensor
                0x00000000080015e8      0x174 Core/Src/bmp280.o
 .text.st_check_boundaries
                0x000000000800175c       0x70 Core/Src/bmp280.o
 .text.MX_GPIO_Init
                0x00000000080017cc      0x368 Core/Src/gpio.o
                0x00000000080017cc                MX_GPIO_Init
 .text.PID      0x0000000008001b34      0x1bc Core/Src/main.o
                0x0000000008001b34                PID
 .text.HAL_GPIO_EXTI_Callback
                0x0000000008001cf0       0x34 Core/Src/main.o
                0x0000000008001cf0                HAL_GPIO_EXTI_Callback
 .text.HAL_TIM_PeriodElapsedCallback
                0x0000000008001d24       0x70 Core/Src/main.o
                0x0000000008001d24                HAL_TIM_PeriodElapsedCallback
 .text.main     0x0000000008001d94      0x148 Core/Src/main.o
                0x0000000008001d94                main
 .text.SystemClock_Config
                0x0000000008001edc      0x124 Core/Src/main.o
                0x0000000008001edc                SystemClock_Config
 .text.bmp280_spi_reg_write
                0x0000000008002000       0xc0 Core/Src/main.o
                0x0000000008002000                bmp280_spi_reg_write
 .text.bmp280_spi_reg_read
                0x00000000080020c0       0xf0 Core/Src/main.o
                0x00000000080020c0                bmp280_spi_reg_read
 .text.Error_Handler
                0x00000000080021b0        0xe Core/Src/main.o
                0x00000000080021b0                Error_Handler
 *fill*         0x00000000080021be        0x2 
 .text.MX_SPI4_Init
                0x00000000080021c0       0x7c Core/Src/spi.o
                0x00000000080021c0                MX_SPI4_Init
 .text.HAL_SPI_MspInit
                0x000000000800223c       0x88 Core/Src/spi.o
                0x000000000800223c                HAL_SPI_MspInit
 .text.HAL_MspInit
                0x00000000080022c4       0x48 Core/Src/stm32f7xx_hal_msp.o
                0x00000000080022c4                HAL_MspInit
 .text.NMI_Handler
                0x000000000800230c        0xe Core/Src/stm32f7xx_it.o
                0x000000000800230c                NMI_Handler
 .text.HardFault_Handler
                0x000000000800231a        0x6 Core/Src/stm32f7xx_it.o
                0x000000000800231a                HardFault_Handler
 .text.MemManage_Handler
                0x0000000008002320        0x6 Core/Src/stm32f7xx_it.o
                0x0000000008002320                MemManage_Handler
 .text.BusFault_Handler
                0x0000000008002326        0x6 Core/Src/stm32f7xx_it.o
                0x0000000008002326                BusFault_Handler
 .text.UsageFault_Handler
                0x000000000800232c        0x6 Core/Src/stm32f7xx_it.o
                0x000000000800232c                UsageFault_Handler
 .text.SVC_Handler
                0x0000000008002332        0xe Core/Src/stm32f7xx_it.o
                0x0000000008002332                SVC_Handler
 .text.DebugMon_Handler
                0x0000000008002340        0xe Core/Src/stm32f7xx_it.o
                0x0000000008002340                DebugMon_Handler
 .text.PendSV_Handler
                0x000000000800234e        0xe Core/Src/stm32f7xx_it.o
                0x000000000800234e                PendSV_Handler
 .text.SysTick_Handler
                0x000000000800235c        0xc Core/Src/stm32f7xx_it.o
                0x000000000800235c                SysTick_Handler
 .text.TIM2_IRQHandler
                0x0000000008002368       0x14 Core/Src/stm32f7xx_it.o
                0x0000000008002368                TIM2_IRQHandler
 .text.TIM3_IRQHandler
                0x000000000800237c       0x14 Core/Src/stm32f7xx_it.o
                0x000000000800237c                TIM3_IRQHandler
 .text.USART3_IRQHandler
                0x0000000008002390       0x14 Core/Src/stm32f7xx_it.o
                0x0000000008002390                USART3_IRQHandler
 .text.EXTI15_10_IRQHandler
                0x00000000080023a4       0x20 Core/Src/stm32f7xx_it.o
                0x00000000080023a4                EXTI15_10_IRQHandler
 .text.SystemInit
                0x00000000080023c4       0x2c Core/Src/system_stm32f7xx.o
                0x00000000080023c4                SystemInit
 .text.MX_TIM1_Init
                0x00000000080023f0       0xb4 Core/Src/tim.o
                0x00000000080023f0                MX_TIM1_Init
 .text.MX_TIM2_Init
                0x00000000080024a4       0x9c Core/Src/tim.o
                0x00000000080024a4                MX_TIM2_Init
 .text.MX_TIM3_Init
                0x0000000008002540       0xf0 Core/Src/tim.o
                0x0000000008002540                MX_TIM3_Init
 .text.MX_TIM4_Init
                0x0000000008002630       0xa8 Core/Src/tim.o
                0x0000000008002630                MX_TIM4_Init
 .text.HAL_TIM_Encoder_MspInit
                0x00000000080026d8       0xf0 Core/Src/tim.o
                0x00000000080026d8                HAL_TIM_Encoder_MspInit
 .text.HAL_TIM_Base_MspInit
                0x00000000080027c8       0x80 Core/Src/tim.o
                0x00000000080027c8                HAL_TIM_Base_MspInit
 .text.HAL_TIM_MspPostInit
                0x0000000008002848       0x70 Core/Src/tim.o
                0x0000000008002848                HAL_TIM_MspPostInit
 .text.MX_USART3_UART_Init
                0x00000000080028b8       0x60 Core/Src/usart.o
                0x00000000080028b8                MX_USART3_UART_Init
 .text.HAL_UART_MspInit
                0x0000000008002918       0x98 Core/Src/usart.o
                0x0000000008002918                HAL_UART_MspInit
 .text.Reset_Handler
                0x00000000080029b0       0x50 Core/Startup/startup_stm32f746zgtx.o
                0x00000000080029b0                Reset_Handler
 .text.Default_Handler
                0x0000000008002a00        0x2 Core/Startup/startup_stm32f746zgtx.o
                0x0000000008002a00                DMA1_Stream3_IRQHandler
                0x0000000008002a00                EXTI2_IRQHandler
                0x0000000008002a00                TIM8_CC_IRQHandler
                0x0000000008002a00                UART8_IRQHandler
                0x0000000008002a00                SPI4_IRQHandler
                0x0000000008002a00                TIM1_CC_IRQHandler
                0x0000000008002a00                DMA2_Stream5_IRQHandler
                0x0000000008002a00                DMA1_Stream5_IRQHandler
                0x0000000008002a00                PVD_IRQHandler
                0x0000000008002a00                TAMP_STAMP_IRQHandler
                0x0000000008002a00                CAN2_RX1_IRQHandler
                0x0000000008002a00                EXTI3_IRQHandler
                0x0000000008002a00                TIM8_TRG_COM_TIM14_IRQHandler
                0x0000000008002a00                TIM1_UP_TIM10_IRQHandler
                0x0000000008002a00                TIM8_UP_TIM13_IRQHandler
                0x0000000008002a00                I2C3_ER_IRQHandler
                0x0000000008002a00                EXTI0_IRQHandler
                0x0000000008002a00                I2C2_EV_IRQHandler
                0x0000000008002a00                DMA1_Stream2_IRQHandler
                0x0000000008002a00                CAN1_RX0_IRQHandler
                0x0000000008002a00                FPU_IRQHandler
                0x0000000008002a00                OTG_HS_WKUP_IRQHandler
                0x0000000008002a00                LTDC_ER_IRQHandler
                0x0000000008002a00                CAN2_SCE_IRQHandler
                0x0000000008002a00                DMA2_Stream2_IRQHandler
                0x0000000008002a00                SPI1_IRQHandler
                0x0000000008002a00                TIM6_DAC_IRQHandler
                0x0000000008002a00                TIM1_BRK_TIM9_IRQHandler
                0x0000000008002a00                DCMI_IRQHandler
                0x0000000008002a00                CAN2_RX0_IRQHandler
                0x0000000008002a00                DMA2_Stream3_IRQHandler
                0x0000000008002a00                SAI2_IRQHandler
                0x0000000008002a00                USART6_IRQHandler
                0x0000000008002a00                CAN1_RX1_IRQHandler
                0x0000000008002a00                UART5_IRQHandler
                0x0000000008002a00                DMA2_Stream0_IRQHandler
                0x0000000008002a00                TIM4_IRQHandler
                0x0000000008002a00                QUADSPI_IRQHandler
                0x0000000008002a00                I2C1_EV_IRQHandler
                0x0000000008002a00                DMA1_Stream6_IRQHandler
                0x0000000008002a00                DMA1_Stream1_IRQHandler
                0x0000000008002a00                UART4_IRQHandler
                0x0000000008002a00                RCC_IRQHandler
                0x0000000008002a00                TIM8_BRK_TIM12_IRQHandler
                0x0000000008002a00                Default_Handler
                0x0000000008002a00                CEC_IRQHandler
                0x0000000008002a00                ADC_IRQHandler
                0x0000000008002a00                DMA1_Stream7_IRQHandler
                0x0000000008002a00                SPI5_IRQHandler
                0x0000000008002a00                TIM7_IRQHandler
                0x0000000008002a00                SDMMC1_IRQHandler
                0x0000000008002a00                CAN2_TX_IRQHandler
                0x0000000008002a00                TIM5_IRQHandler
                0x0000000008002a00                DMA2_Stream7_IRQHandler
                0x0000000008002a00                I2C3_EV_IRQHandler
                0x0000000008002a00                EXTI9_5_IRQHandler
                0x0000000008002a00                RTC_WKUP_IRQHandler
                0x0000000008002a00                LTDC_IRQHandler
                0x0000000008002a00                ETH_WKUP_IRQHandler
                0x0000000008002a00                SPDIF_RX_IRQHandler
                0x0000000008002a00                SPI2_IRQHandler
                0x0000000008002a00                OTG_HS_EP1_IN_IRQHandler
                0x0000000008002a00                DMA1_Stream0_IRQHandler
                0x0000000008002a00                CAN1_TX_IRQHandler
                0x0000000008002a00                EXTI4_IRQHandler
                0x0000000008002a00                RNG_IRQHandler
                0x0000000008002a00                ETH_IRQHandler
                0x0000000008002a00                OTG_HS_EP1_OUT_IRQHandler
                0x0000000008002a00                WWDG_IRQHandler
                0x0000000008002a00                SPI6_IRQHandler
                0x0000000008002a00                I2C4_EV_IRQHandler
                0x0000000008002a00                OTG_FS_WKUP_IRQHandler
                0x0000000008002a00                TIM1_TRG_COM_TIM11_IRQHandler
                0x0000000008002a00                OTG_HS_IRQHandler
                0x0000000008002a00                DMA2D_IRQHandler
                0x0000000008002a00                EXTI1_IRQHandler
                0x0000000008002a00                UART7_IRQHandler
                0x0000000008002a00                USART2_IRQHandler
                0x0000000008002a00                I2C2_ER_IRQHandler
                0x0000000008002a00                DMA2_Stream1_IRQHandler
                0x0000000008002a00                CAN1_SCE_IRQHandler
                0x0000000008002a00                FLASH_IRQHandler
                0x0000000008002a00                DMA2_Stream4_IRQHandler
                0x0000000008002a00                USART1_IRQHandler
                0x0000000008002a00                OTG_FS_IRQHandler
                0x0000000008002a00                SPI3_IRQHandler
                0x0000000008002a00                DMA1_Stream4_IRQHandler
                0x0000000008002a00                I2C1_ER_IRQHandler
                0x0000000008002a00                FMC_IRQHandler
                0x0000000008002a00                LPTIM1_IRQHandler
                0x0000000008002a00                I2C4_ER_IRQHandler
                0x0000000008002a00                DMA2_Stream6_IRQHandler
                0x0000000008002a00                SAI1_IRQHandler
                0x0000000008002a00                RTC_Alarm_IRQHandler
 .text.HAL_Init
                0x0000000008002a02       0x1a Drivers/STM32F7xx_HAL_Driver/Src/stm32f7xx_hal.o
                0x0000000008002a02                HAL_Init
 .text.HAL_InitTick
                0x0000000008002a1c       0x60 Drivers/STM32F7xx_HAL_Driver/Src/stm32f7xx_hal.o
                0x0000000008002a1c                HAL_InitTick
 .text.HAL_IncTick
                0x0000000008002a7c       0x28 Drivers/STM32F7xx_HAL_Driver/Src/stm32f7xx_hal.o
                0x0000000008002a7c                HAL_IncTick
 .text.HAL_GetTick
                0x0000000008002aa4       0x18 Drivers/STM32F7xx_HAL_Driver/Src/stm32f7xx_hal.o
                0x0000000008002aa4                HAL_GetTick
 .text.HAL_Delay
                0x0000000008002abc       0x44 Drivers/STM32F7xx_HAL_Driver/Src/stm32f7xx_hal.o
                0x0000000008002abc                HAL_Delay
 .text.__NVIC_SetPriorityGrouping
                0x0000000008002b00       0x48 Drivers/STM32F7xx_HAL_Driver/Src/stm32f7xx_hal_cortex.o
 .text.__NVIC_GetPriorityGrouping
                0x0000000008002b48       0x1c Drivers/STM32F7xx_HAL_Driver/Src/stm32f7xx_hal_cortex.o
 .text.__NVIC_EnableIRQ
                0x0000000008002b64       0x3c Drivers/STM32F7xx_HAL_Driver/Src/stm32f7xx_hal_cortex.o
 .text.__NVIC_SetPriority
                0x0000000008002ba0       0x54 Drivers/STM32F7xx_HAL_Driver/Src/stm32f7xx_hal_cortex.o
 .text.NVIC_EncodePriority
                0x0000000008002bf4       0x66 Drivers/STM32F7xx_HAL_Driver/Src/stm32f7xx_hal_cortex.o
 *fill*         0x0000000008002c5a        0x2 
 .text.SysTick_Config
                0x0000000008002c5c       0x44 Drivers/STM32F7xx_HAL_Driver/Src/stm32f7xx_hal_cortex.o
 .text.HAL_NVIC_SetPriorityGrouping
                0x0000000008002ca0       0x16 Drivers/STM32F7xx_HAL_Driver/Src/stm32f7xx_hal_cortex.o
                0x0000000008002ca0                HAL_NVIC_SetPriorityGrouping
 .text.HAL_NVIC_SetPriority
                0x0000000008002cb6       0x38 Drivers/STM32F7xx_HAL_Driver/Src/stm32f7xx_hal_cortex.o
                0x0000000008002cb6                HAL_NVIC_SetPriority
 .text.HAL_NVIC_EnableIRQ
                0x0000000008002cee       0x1c Drivers/STM32F7xx_HAL_Driver/Src/stm32f7xx_hal_cortex.o
                0x0000000008002cee                HAL_NVIC_EnableIRQ
 .text.HAL_SYSTICK_Config
                0x0000000008002d0a       0x18 Drivers/STM32F7xx_HAL_Driver/Src/stm32f7xx_hal_cortex.o
                0x0000000008002d0a                HAL_SYSTICK_Config
 .text.HAL_DMA_Abort_IT
                0x0000000008002d22       0x44 Drivers/STM32F7xx_HAL_Driver/Src/stm32f7xx_hal_dma.o
                0x0000000008002d22                HAL_DMA_Abort_IT
 *fill*         0x0000000008002d66        0x2 
 .text.HAL_GPIO_Init
                0x0000000008002d68      0x354 Drivers/STM32F7xx_HAL_Driver/Src/stm32f7xx_hal_gpio.o
                0x0000000008002d68                HAL_GPIO_Init
 .text.HAL_GPIO_WritePin
                0x00000000080030bc       0x32 Drivers/STM32F7xx_HAL_Driver/Src/stm32f7xx_hal_gpio.o
                0x00000000080030bc                HAL_GPIO_WritePin
 .text.HAL_GPIO_TogglePin
                0x00000000080030ee       0x34 Drivers/STM32F7xx_HAL_Driver/Src/stm32f7xx_hal_gpio.o
                0x00000000080030ee                HAL_GPIO_TogglePin
 *fill*         0x0000000008003122        0x2 
 .text.HAL_GPIO_EXTI_IRQHandler
                0x0000000008003124       0x30 Drivers/STM32F7xx_HAL_Driver/Src/stm32f7xx_hal_gpio.o
                0x0000000008003124                HAL_GPIO_EXTI_IRQHandler
 .text.HAL_PWR_EnableBkUpAccess
                0x0000000008003154       0x20 Drivers/STM32F7xx_HAL_Driver/Src/stm32f7xx_hal_pwr.o
                0x0000000008003154                HAL_PWR_EnableBkUpAccess
 .text.HAL_PWREx_EnableOverDrive
                0x0000000008003174       0xa0 Drivers/STM32F7xx_HAL_Driver/Src/stm32f7xx_hal_pwr_ex.o
                0x0000000008003174                HAL_PWREx_EnableOverDrive
 .text.HAL_RCC_OscConfig
                0x0000000008003214      0x548 Drivers/STM32F7xx_HAL_Driver/Src/stm32f7xx_hal_rcc.o
                0x0000000008003214                HAL_RCC_OscConfig
 .text.HAL_RCC_ClockConfig
                0x000000000800375c      0x1d8 Drivers/STM32F7xx_HAL_Driver/Src/stm32f7xx_hal_rcc.o
                0x000000000800375c                HAL_RCC_ClockConfig
 .text.HAL_RCC_GetSysClockFreq
                0x0000000008003934      0x1b0 Drivers/STM32F7xx_HAL_Driver/Src/stm32f7xx_hal_rcc.o
                0x0000000008003934                HAL_RCC_GetSysClockFreq
 .text.HAL_RCC_GetHCLKFreq
                0x0000000008003ae4       0x18 Drivers/STM32F7xx_HAL_Driver/Src/stm32f7xx_hal_rcc.o
                0x0000000008003ae4                HAL_RCC_GetHCLKFreq
 .text.HAL_RCC_GetPCLK1Freq
                0x0000000008003afc       0x28 Drivers/STM32F7xx_HAL_Driver/Src/stm32f7xx_hal_rcc.o
                0x0000000008003afc                HAL_RCC_GetPCLK1Freq
 .text.HAL_RCC_GetPCLK2Freq
                0x0000000008003b24       0x28 Drivers/STM32F7xx_HAL_Driver/Src/stm32f7xx_hal_rcc.o
                0x0000000008003b24                HAL_RCC_GetPCLK2Freq
 .text.HAL_RCCEx_PeriphCLKConfig
                0x0000000008003b4c      0x7dc Drivers/STM32F7xx_HAL_Driver/Src/stm32f7xx_hal_rcc_ex.o
                0x0000000008003b4c                HAL_RCCEx_PeriphCLKConfig
 .text.HAL_SPI_Init
                0x0000000008004328      0x124 Drivers/STM32F7xx_HAL_Driver/Src/stm32f7xx_hal_spi.o
                0x0000000008004328                HAL_SPI_Init
 .text.HAL_SPI_Transmit
                0x000000000800444c      0x2cc Drivers/STM32F7xx_HAL_Driver/Src/stm32f7xx_hal_spi.o
                0x000000000800444c                HAL_SPI_Transmit
 .text.HAL_SPI_TransmitReceive
                0x0000000008004718      0x426 Drivers/STM32F7xx_HAL_Driver/Src/stm32f7xx_hal_spi.o
                0x0000000008004718                HAL_SPI_TransmitReceive
 .text.SPI_WaitFlagStateUntilTimeout
                0x0000000008004b3e       0xd4 Drivers/STM32F7xx_HAL_Driver/Src/stm32f7xx_hal_spi.o
 .text.SPI_WaitFifoStateUntilTimeout
                0x0000000008004c12       0xda Drivers/STM32F7xx_HAL_Driver/Src/stm32f7xx_hal_spi.o
 .text.SPI_EndRxTxTransaction
                0x0000000008004cec       0x8c Drivers/STM32F7xx_HAL_Driver/Src/stm32f7xx_hal_spi.o
 .text.HAL_TIM_Base_Init
                0x0000000008004d78       0x56 Drivers/STM32F7xx_HAL_Driver/Src/stm32f7xx_hal_tim.o
                0x0000000008004d78                HAL_TIM_Base_Init
 *fill*         0x0000000008004dce        0x2 
 .text.HAL_TIM_Base_Start_IT
                0x0000000008004dd0       0x54 Drivers/STM32F7xx_HAL_Driver/Src/stm32f7xx_hal_tim.o
                0x0000000008004dd0                HAL_TIM_Base_Start_IT
 .text.HAL_TIM_PWM_Init
                0x0000000008004e24       0x56 Drivers/STM32F7xx_HAL_Driver/Src/stm32f7xx_hal_tim.o
                0x0000000008004e24                HAL_TIM_PWM_Init
 .text.HAL_TIM_PWM_MspInit
                0x0000000008004e7a       0x14 Drivers/STM32F7xx_HAL_Driver/Src/stm32f7xx_hal_tim.o
                0x0000000008004e7a                HAL_TIM_PWM_MspInit
 *fill*         0x0000000008004e8e        0x2 
 .text.HAL_TIM_PWM_Start
                0x0000000008004e90       0x88 Drivers/STM32F7xx_HAL_Driver/Src/stm32f7xx_hal_tim.o
                0x0000000008004e90                HAL_TIM_PWM_Start
 .text.HAL_TIM_Encoder_Init
                0x0000000008004f18      0x124 Drivers/STM32F7xx_HAL_Driver/Src/stm32f7xx_hal_tim.o
                0x0000000008004f18                HAL_TIM_Encoder_Init
 .text.HAL_TIM_Encoder_Start
                0x000000000800503c       0x6e Drivers/STM32F7xx_HAL_Driver/Src/stm32f7xx_hal_tim.o
                0x000000000800503c                HAL_TIM_Encoder_Start
 .text.HAL_TIM_IRQHandler
                0x00000000080050aa      0x23e Drivers/STM32F7xx_HAL_Driver/Src/stm32f7xx_hal_tim.o
                0x00000000080050aa                HAL_TIM_IRQHandler
 .text.HAL_TIM_PWM_ConfigChannel
                0x00000000080052e8      0x230 Drivers/STM32F7xx_HAL_Driver/Src/stm32f7xx_hal_tim.o
                0x00000000080052e8                HAL_TIM_PWM_ConfigChannel
 .text.HAL_TIM_ConfigClockSource
                0x0000000008005518      0x174 Drivers/STM32F7xx_HAL_Driver/Src/stm32f7xx_hal_tim.o
                0x0000000008005518                HAL_TIM_ConfigClockSource
 .text.HAL_TIM_OC_DelayElapsedCallback
                0x000000000800568c       0x14 Drivers/STM32F7xx_HAL_Driver/Src/stm32f7xx_hal_tim.o
                0x000000000800568c                HAL_TIM_OC_DelayElapsedCallback
 .text.HAL_TIM_IC_CaptureCallback
                0x00000000080056a0       0x14 Drivers/STM32F7xx_HAL_Driver/Src/stm32f7xx_hal_tim.o
                0x00000000080056a0                HAL_TIM_IC_CaptureCallback
 .text.HAL_TIM_PWM_PulseFinishedCallback
                0x00000000080056b4       0x14 Drivers/STM32F7xx_HAL_Driver/Src/stm32f7xx_hal_tim.o
                0x00000000080056b4                HAL_TIM_PWM_PulseFinishedCallback
 .text.HAL_TIM_TriggerCallback
                0x00000000080056c8       0x14 Drivers/STM32F7xx_HAL_Driver/Src/stm32f7xx_hal_tim.o
                0x00000000080056c8                HAL_TIM_TriggerCallback
 .text.TIM_Base_SetConfig
                0x00000000080056dc      0x140 Drivers/STM32F7xx_HAL_Driver/Src/stm32f7xx_hal_tim.o
                0x00000000080056dc                TIM_Base_SetConfig
 .text.TIM_OC1_SetConfig
                0x000000000800581c       0xe4 Drivers/STM32F7xx_HAL_Driver/Src/stm32f7xx_hal_tim.o
 .text.TIM_OC2_SetConfig
                0x0000000008005900       0xf0 Drivers/STM32F7xx_HAL_Driver/Src/stm32f7xx_hal_tim.o
                0x0000000008005900                TIM_OC2_SetConfig
 .text.TIM_OC3_SetConfig
                0x00000000080059f0       0xec Drivers/STM32F7xx_HAL_Driver/Src/stm32f7xx_hal_tim.o
 .text.TIM_OC4_SetConfig
                0x0000000008005adc       0xb0 Drivers/STM32F7xx_HAL_Driver/Src/stm32f7xx_hal_tim.o
 .text.TIM_OC5_SetConfig
                0x0000000008005b8c       0xa4 Drivers/STM32F7xx_HAL_Driver/Src/stm32f7xx_hal_tim.o
 .text.TIM_OC6_SetConfig
                0x0000000008005c30       0xa8 Drivers/STM32F7xx_HAL_Driver/Src/stm32f7xx_hal_tim.o
 .text.TIM_TI1_ConfigInputStage
                0x0000000008005cd8       0x5e Drivers/STM32F7xx_HAL_Driver/Src/stm32f7xx_hal_tim.o
 .text.TIM_TI2_ConfigInputStage
                0x0000000008005d36       0x60 Drivers/STM32F7xx_HAL_Driver/Src/stm32f7xx_hal_tim.o
 .text.TIM_ITRx_SetConfig
                0x0000000008005d96       0x36 Drivers/STM32F7xx_HAL_Driver/Src/stm32f7xx_hal_tim.o
 .text.TIM_ETR_SetConfig
                0x0000000008005dcc       0x40 Drivers/STM32F7xx_HAL_Driver/Src/stm32f7xx_hal_tim.o
                0x0000000008005dcc                TIM_ETR_SetConfig
 .text.TIM_CCxChannelCmd
                0x0000000008005e0c       0x4a Drivers/STM32F7xx_HAL_Driver/Src/stm32f7xx_hal_tim.o
                0x0000000008005e0c                TIM_CCxChannelCmd
 *fill*         0x0000000008005e56        0x2 
 .text.HAL_TIMEx_MasterConfigSynchronization
                0x0000000008005e58      0x11c Drivers/STM32F7xx_HAL_Driver/Src/stm32f7xx_hal_tim_ex.o
                0x0000000008005e58                HAL_TIMEx_MasterConfigSynchronization
 .text.HAL_TIMEx_CommutCallback
                0x0000000008005f74       0x14 Drivers/STM32F7xx_HAL_Driver/Src/stm32f7xx_hal_tim_ex.o
                0x0000000008005f74                HAL_TIMEx_CommutCallback
 .text.HAL_TIMEx_BreakCallback
                0x0000000008005f88       0x14 Drivers/STM32F7xx_HAL_Driver/Src/stm32f7xx_hal_tim_ex.o
                0x0000000008005f88                HAL_TIMEx_BreakCallback
 .text.HAL_TIMEx_Break2Callback
                0x0000000008005f9c       0x14 Drivers/STM32F7xx_HAL_Driver/Src/stm32f7xx_hal_tim_ex.o
                0x0000000008005f9c                HAL_TIMEx_Break2Callback
 .text.HAL_UART_Init
                0x0000000008005fb0       0x9c Drivers/STM32F7xx_HAL_Driver/Src/stm32f7xx_hal_uart.o
                0x0000000008005fb0                HAL_UART_Init
 .text.HAL_UART_IRQHandler
                0x000000000800604c      0x264 Drivers/STM32F7xx_HAL_Driver/Src/stm32f7xx_hal_uart.o
                0x000000000800604c                HAL_UART_IRQHandler
 .text.HAL_UART_TxCpltCallback
                0x00000000080062b0       0x14 Drivers/STM32F7xx_HAL_Driver/Src/stm32f7xx_hal_uart.o
                0x00000000080062b0                HAL_UART_TxCpltCallback
 .text.HAL_UART_ErrorCallback
                0x00000000080062c4       0x14 Drivers/STM32F7xx_HAL_Driver/Src/stm32f7xx_hal_uart.o
                0x00000000080062c4                HAL_UART_ErrorCallback
 .text.UART_SetConfig
                0x00000000080062d8      0x554 Drivers/STM32F7xx_HAL_Driver/Src/stm32f7xx_hal_uart.o
                0x00000000080062d8                UART_SetConfig
 .text.UART_AdvFeatureConfig
                0x000000000800682c      0x144 Drivers/STM32F7xx_HAL_Driver/Src/stm32f7xx_hal_uart.o
                0x000000000800682c                UART_AdvFeatureConfig
 .text.UART_CheckIdleState
                0x0000000008006970       0x5e Drivers/STM32F7xx_HAL_Driver/Src/stm32f7xx_hal_uart.o
                0x0000000008006970                UART_CheckIdleState
 .text.UART_WaitOnFlagUntilTimeout
                0x00000000080069ce       0xf6 Drivers/STM32F7xx_HAL_Driver/Src/stm32f7xx_hal_uart.o
                0x00000000080069ce                UART_WaitOnFlagUntilTimeout
 .text.UART_EndRxTransfer
                0x0000000008006ac4       0x40 Drivers/STM32F7xx_HAL_Driver/Src/stm32f7xx_hal_uart.o
 .text.UART_DMAAbortOnError
                0x0000000008006b04       0x2c Drivers/STM32F7xx_HAL_Driver/Src/stm32f7xx_hal_uart.o
 .text.UART_EndTransmit_IT
                0x0000000008006b30       0x32 Drivers/STM32F7xx_HAL_Driver/Src/stm32f7xx_hal_uart.o
 *fill*         0x0000000008006b62        0x2 
 .text.__libc_init_array
                0x0000000008006b64       0x48 /Applications/STM32CubeIDE.app/Contents/Eclipse/plugins/com.st.stm32cube.ide.mcu.externaltools.gnu-tools-for-stm32.7-2018-q2-update.macos64_1.5.0.202011040924/tools/bin/../lib/gcc/arm-none-eabi/7.3.1/../../../../arm-none-eabi/lib/thumb/v7e-m/fpv4-sp/hard/libc_nano.a(lib_a-init.o)
                0x0000000008006b64                __libc_init_array
 .text.memset   0x0000000008006bac       0x10 /Applications/STM32CubeIDE.app/Contents/Eclipse/plugins/com.st.stm32cube.ide.mcu.externaltools.gnu-tools-for-stm32.7-2018-q2-update.macos64_1.5.0.202011040924/tools/bin/../lib/gcc/arm-none-eabi/7.3.1/../../../../arm-none-eabi/lib/thumb/v7e-m/fpv4-sp/hard/libc_nano.a(lib_a-memset.o)
                0x0000000008006bac                memset
 .text.floorf   0x0000000008006bbc       0x84 /Applications/STM32CubeIDE.app/Contents/Eclipse/plugins/com.st.stm32cube.ide.mcu.externaltools.gnu-tools-for-stm32.7-2018-q2-update.macos64_1.5.0.202011040924/tools/bin/../lib/gcc/arm-none-eabi/7.3.1/../../../../arm-none-eabi/lib/thumb/v7e-m/fpv4-sp/hard/libm.a(lib_a-sf_floor.o)
                0x0000000008006bbc                floorf
 *(.glue_7)
 .glue_7        0x0000000008006c40        0x0 linker stubs
 *(.glue_7t)
 .glue_7t       0x0000000008006c40        0x0 linker stubs
 *(.eh_frame)
 .eh_frame      0x0000000008006c40        0x0 /Applications/STM32CubeIDE.app/Contents/Eclipse/plugins/com.st.stm32cube.ide.mcu.externaltools.gnu-tools-for-stm32.7-2018-q2-update.macos64_1.5.0.202011040924/tools/bin/../lib/gcc/arm-none-eabi/7.3.1/thumb/v7e-m/fpv4-sp/hard/crtbegin.o
 *(.init)
 .init          0x0000000008006c40        0x4 /Applications/STM32CubeIDE.app/Contents/Eclipse/plugins/com.st.stm32cube.ide.mcu.externaltools.gnu-tools-for-stm32.7-2018-q2-update.macos64_1.5.0.202011040924/tools/bin/../lib/gcc/arm-none-eabi/7.3.1/thumb/v7e-m/fpv4-sp/hard/crti.o
                0x0000000008006c40                _init
 .init          0x0000000008006c44        0x8 /Applications/STM32CubeIDE.app/Contents/Eclipse/plugins/com.st.stm32cube.ide.mcu.externaltools.gnu-tools-for-stm32.7-2018-q2-update.macos64_1.5.0.202011040924/tools/bin/../lib/gcc/arm-none-eabi/7.3.1/thumb/v7e-m/fpv4-sp/hard/crtn.o
 *(.fini)
 .fini          0x0000000008006c4c        0x4 /Applications/STM32CubeIDE.app/Contents/Eclipse/plugins/com.st.stm32cube.ide.mcu.externaltools.gnu-tools-for-stm32.7-2018-q2-update.macos64_1.5.0.202011040924/tools/bin/../lib/gcc/arm-none-eabi/7.3.1/thumb/v7e-m/fpv4-sp/hard/crti.o
                0x0000000008006c4c                _fini
 .fini          0x0000000008006c50        0x8 /Applications/STM32CubeIDE.app/Contents/Eclipse/plugins/com.st.stm32cube.ide.mcu.externaltools.gnu-tools-for-stm32.7-2018-q2-update.macos64_1.5.0.202011040924/tools/bin/../lib/gcc/arm-none-eabi/7.3.1/thumb/v7e-m/fpv4-sp/hard/crtn.o
                0x0000000008006c58                . = ALIGN (0x4)
                0x0000000008006c58                _etext = .

.vfp11_veneer   0x0000000008006c58        0x0
 .vfp11_veneer  0x0000000008006c58        0x0 linker stubs

.v4_bx          0x0000000008006c58        0x0
 .v4_bx         0x0000000008006c58        0x0 linker stubs

.iplt           0x0000000008006c58        0x0
 .iplt          0x0000000008006c58        0x0 /Applications/STM32CubeIDE.app/Contents/Eclipse/plugins/com.st.stm32cube.ide.mcu.externaltools.gnu-tools-for-stm32.7-2018-q2-update.macos64_1.5.0.202011040924/tools/bin/../lib/gcc/arm-none-eabi/7.3.1/thumb/v7e-m/fpv4-sp/hard/crtbegin.o

.rodata         0x0000000008006c58       0x1c
                0x0000000008006c58                . = ALIGN (0x4)
 *(.rodata)
 .rodata        0x0000000008006c58        0x2 Core/Src/bmp280.o
 *(.rodata*)
 *fill*         0x0000000008006c5a        0x2 
 .rodata.AHBPrescTable
                0x0000000008006c5c       0x10 Core/Src/system_stm32f7xx.o
                0x0000000008006c5c                AHBPrescTable
 .rodata.APBPrescTable
                0x0000000008006c6c        0x8 Core/Src/system_stm32f7xx.o
                0x0000000008006c6c                APBPrescTable
                0x0000000008006c74                . = ALIGN (0x4)

.ARM.extab      0x0000000008006c74        0x0
                0x0000000008006c74                . = ALIGN (0x4)
 *(.ARM.extab* .gnu.linkonce.armextab.*)
                0x0000000008006c74                . = ALIGN (0x4)

.ARM            0x0000000008006c74        0x8
                0x0000000008006c74                . = ALIGN (0x4)
                0x0000000008006c74                __exidx_start = .
 *(.ARM.exidx*)
 .ARM.exidx     0x0000000008006c74        0x8 /Applications/STM32CubeIDE.app/Contents/Eclipse/plugins/com.st.stm32cube.ide.mcu.externaltools.gnu-tools-for-stm32.7-2018-q2-update.macos64_1.5.0.202011040924/tools/bin/../lib/gcc/arm-none-eabi/7.3.1/thumb/v7e-m/fpv4-sp/hard/libgcc.a(_udivmoddi4.o)
                0x0000000008006c7c                __exidx_end = .
                0x0000000008006c7c                . = ALIGN (0x4)

.rel.dyn        0x0000000008006c7c        0x0
 .rel.iplt      0x0000000008006c7c        0x0 /Applications/STM32CubeIDE.app/Contents/Eclipse/plugins/com.st.stm32cube.ide.mcu.externaltools.gnu-tools-for-stm32.7-2018-q2-update.macos64_1.5.0.202011040924/tools/bin/../lib/gcc/arm-none-eabi/7.3.1/thumb/v7e-m/fpv4-sp/hard/crtbegin.o

.preinit_array  0x0000000008006c7c        0x0
                0x0000000008006c7c                . = ALIGN (0x4)
                0x0000000008006c7c                PROVIDE (__preinit_array_start = .)
 *(.preinit_array*)
                0x0000000008006c7c                PROVIDE (__preinit_array_end = .)
                0x0000000008006c7c                . = ALIGN (0x4)

.init_array     0x0000000008006c7c        0x4
                0x0000000008006c7c                . = ALIGN (0x4)
                0x0000000008006c7c                PROVIDE (__init_array_start = .)
 *(SORT_BY_NAME(.init_array.*))
 *(.init_array*)
 .init_array    0x0000000008006c7c        0x4 /Applications/STM32CubeIDE.app/Contents/Eclipse/plugins/com.st.stm32cube.ide.mcu.externaltools.gnu-tools-for-stm32.7-2018-q2-update.macos64_1.5.0.202011040924/tools/bin/../lib/gcc/arm-none-eabi/7.3.1/thumb/v7e-m/fpv4-sp/hard/crtbegin.o
                0x0000000008006c80                PROVIDE (__init_array_end = .)
                0x0000000008006c80                . = ALIGN (0x4)

.fini_array     0x0000000008006c80        0x4
                0x0000000008006c80                . = ALIGN (0x4)
                [!provide]                        PROVIDE (__fini_array_start = .)
 *(SORT_BY_NAME(.fini_array.*))
 *(.fini_array*)
 .fini_array    0x0000000008006c80        0x4 /Applications/STM32CubeIDE.app/Contents/Eclipse/plugins/com.st.stm32cube.ide.mcu.externaltools.gnu-tools-for-stm32.7-2018-q2-update.macos64_1.5.0.202011040924/tools/bin/../lib/gcc/arm-none-eabi/7.3.1/thumb/v7e-m/fpv4-sp/hard/crtbegin.o
                [!provide]                        PROVIDE (__fini_array_end = .)
                0x0000000008006c84                . = ALIGN (0x4)
                0x0000000008006c84                _sidata = LOADADDR (.data)

.data           0x0000000020000000       0x24 load address 0x0000000008006c84
                0x0000000020000000                . = ALIGN (0x4)
                0x0000000020000000                _sdata = .
 *(.data)
 *(.data*)
 .data.kP       0x0000000020000000        0x4 Core/Src/main.o
                0x0000000020000000                kP
 .data.kI       0x0000000020000004        0x4 Core/Src/main.o
                0x0000000020000004                kI
 .data.kD       0x0000000020000008        0x4 Core/Src/main.o
                0x0000000020000008                kD
 .data.maxI     0x000000002000000c        0x4 Core/Src/main.o
                0x000000002000000c                maxI
 .data.maxD     0x0000000020000010        0x4 Core/Src/main.o
                0x0000000020000010                maxD
 .data.maxm     0x0000000020000014        0x4 Core/Src/main.o
                0x0000000020000014                maxm
 .data.SystemCoreClock
                0x0000000020000018        0x4 Core/Src/system_stm32f7xx.o
                0x0000000020000018                SystemCoreClock
 .data.uwTickPrio
                0x000000002000001c        0x4 Drivers/STM32F7xx_HAL_Driver/Src/stm32f7xx_hal.o
                0x000000002000001c                uwTickPrio
 .data.uwTickFreq
                0x0000000020000020        0x1 Drivers/STM32F7xx_HAL_Driver/Src/stm32f7xx_hal.o
                0x0000000020000020                uwTickFreq
                0x0000000020000024                . = ALIGN (0x4)
 *fill*         0x0000000020000021        0x3 
                0x0000000020000024                _edata = .

.igot.plt       0x0000000020000024        0x0 load address 0x0000000008006ca8
 .igot.plt      0x0000000020000024        0x0 /Applications/STM32CubeIDE.app/Contents/Eclipse/plugins/com.st.stm32cube.ide.mcu.externaltools.gnu-tools-for-stm32.7-2018-q2-update.macos64_1.5.0.202011040924/tools/bin/../lib/gcc/arm-none-eabi/7.3.1/thumb/v7e-m/fpv4-sp/hard/crtbegin.o
                0x0000000020000024                . = ALIGN (0x4)

.bss            0x0000000020000024      0x21c load address 0x0000000008006ca8
                0x0000000020000024                _sbss = .
                0x0000000020000024                __bss_start__ = _sbss
 *(.bss)
 .bss           0x0000000020000024       0x1c /Applications/STM32CubeIDE.app/Contents/Eclipse/plugins/com.st.stm32cube.ide.mcu.externaltools.gnu-tools-for-stm32.7-2018-q2-update.macos64_1.5.0.202011040924/tools/bin/../lib/gcc/arm-none-eabi/7.3.1/thumb/v7e-m/fpv4-sp/hard/crtbegin.o
 *(.bss*)
 .bss.setpoint  0x0000000020000040        0x4 Core/Src/main.o
                0x0000000020000040                setpoint
 .bss.actualValue
                0x0000000020000044        0x4 Core/Src/main.o
                0x0000000020000044                actualValue
 .bss.e.9607    0x0000000020000048        0x4 Core/Src/main.o
 .bss.I1.9608   0x000000002000004c        0x4 Core/Src/main.o
 .bss.e1.9606   0x0000000020000050        0x4 Core/Src/main.o
 .bss.m.9609    0x0000000020000054        0x4 Core/Src/main.o
 *(COMMON)
 COMMON         0x0000000020000058       0x64 Core/Src/spi.o
                0x0000000020000058                hspi4
 COMMON         0x00000000200000bc      0x100 Core/Src/tim.o
                0x00000000200000bc                htim4
                0x00000000200000fc                htim3
                0x000000002000013c                htim1
                0x000000002000017c                htim2
 COMMON         0x00000000200001bc       0x80 Core/Src/usart.o
                0x00000000200001bc                huart3
 COMMON         0x000000002000023c        0x4 Drivers/STM32F7xx_HAL_Driver/Src/stm32f7xx_hal.o
                0x000000002000023c                uwTick
                0x0000000020000240                . = ALIGN (0x4)
                0x0000000020000240                _ebss = .
                0x0000000020000240                __bss_end__ = _ebss

._user_heap_stack
                0x0000000020000240      0x600 load address 0x0000000008006ca8
                0x0000000020000240                . = ALIGN (0x8)
                [!provide]                        PROVIDE (end = .)
                0x0000000020000240                PROVIDE (_end = .)
                0x0000000020000440                . = (. + _Min_Heap_Size)
 *fill*         0x0000000020000240      0x200 
                0x0000000020000840                . = (. + _Min_Stack_Size)
 *fill*         0x0000000020000440      0x400 
                0x0000000020000840                . = ALIGN (0x8)

/DISCARD/
 libc.a(*)
 libm.a(*)
 libgcc.a(*)

.ARM.attributes
                0x0000000000000000       0x30
 *(.ARM.attributes)
 .ARM.attributes
                0x0000000000000000       0x22 /Applications/STM32CubeIDE.app/Contents/Eclipse/plugins/com.st.stm32cube.ide.mcu.externaltools.gnu-tools-for-stm32.7-2018-q2-update.macos64_1.5.0.202011040924/tools/bin/../lib/gcc/arm-none-eabi/7.3.1/thumb/v7e-m/fpv4-sp/hard/crti.o
 .ARM.attributes
                0x0000000000000022       0x34 /Applications/STM32CubeIDE.app/Contents/Eclipse/plugins/com.st.stm32cube.ide.mcu.externaltools.gnu-tools-for-stm32.7-2018-q2-update.macos64_1.5.0.202011040924/tools/bin/../lib/gcc/arm-none-eabi/7.3.1/thumb/v7e-m/fpv4-sp/hard/crtbegin.o
 .ARM.attributes
                0x0000000000000056       0x39 Core/Src/bmp280.o
 .ARM.attributes
                0x000000000000008f       0x39 Core/Src/gpio.o
 .ARM.attributes
                0x00000000000000c8       0x39 Core/Src/main.o
 .ARM.attributes
                0x0000000000000101       0x39 Core/Src/spi.o
 .ARM.attributes
                0x000000000000013a       0x39 Core/Src/stm32f7xx_hal_msp.o
 .ARM.attributes
                0x0000000000000173       0x39 Core/Src/stm32f7xx_it.o
 .ARM.attributes
                0x00000000000001ac       0x39 Core/Src/system_stm32f7xx.o
 .ARM.attributes
                0x00000000000001e5       0x39 Core/Src/tim.o
 .ARM.attributes
                0x000000000000021e       0x39 Core/Src/usart.o
 .ARM.attributes
                0x0000000000000257       0x21 Core/Startup/startup_stm32f746zgtx.o
 .ARM.attributes
                0x0000000000000278       0x39 Drivers/STM32F7xx_HAL_Driver/Src/stm32f7xx_hal.o
 .ARM.attributes
                0x00000000000002b1       0x39 Drivers/STM32F7xx_HAL_Driver/Src/stm32f7xx_hal_cortex.o
 .ARM.attributes
                0x00000000000002ea       0x39 Drivers/STM32F7xx_HAL_Driver/Src/stm32f7xx_hal_dma.o
 .ARM.attributes
                0x0000000000000323       0x39 Drivers/STM32F7xx_HAL_Driver/Src/stm32f7xx_hal_gpio.o
 .ARM.attributes
                0x000000000000035c       0x39 Drivers/STM32F7xx_HAL_Driver/Src/stm32f7xx_hal_pwr.o
 .ARM.attributes
                0x0000000000000395       0x39 Drivers/STM32F7xx_HAL_Driver/Src/stm32f7xx_hal_pwr_ex.o
 .ARM.attributes
                0x00000000000003ce       0x39 Drivers/STM32F7xx_HAL_Driver/Src/stm32f7xx_hal_rcc.o
 .ARM.attributes
                0x0000000000000407       0x39 Drivers/STM32F7xx_HAL_Driver/Src/stm32f7xx_hal_rcc_ex.o
 .ARM.attributes
                0x0000000000000440       0x39 Drivers/STM32F7xx_HAL_Driver/Src/stm32f7xx_hal_spi.o
 .ARM.attributes
                0x0000000000000479       0x39 Drivers/STM32F7xx_HAL_Driver/Src/stm32f7xx_hal_tim.o
 .ARM.attributes
                0x00000000000004b2       0x39 Drivers/STM32F7xx_HAL_Driver/Src/stm32f7xx_hal_tim_ex.o
 .ARM.attributes
                0x00000000000004eb       0x39 Drivers/STM32F7xx_HAL_Driver/Src/stm32f7xx_hal_uart.o
 .ARM.attributes
                0x0000000000000524       0x34 /Applications/STM32CubeIDE.app/Contents/Eclipse/plugins/com.st.stm32cube.ide.mcu.externaltools.gnu-tools-for-stm32.7-2018-q2-update.macos64_1.5.0.202011040924/tools/bin/../lib/gcc/arm-none-eabi/7.3.1/../../../../arm-none-eabi/lib/thumb/v7e-m/fpv4-sp/hard/libc_nano.a(lib_a-init.o)
 .ARM.attributes
                0x0000000000000558       0x34 /Applications/STM32CubeIDE.app/Contents/Eclipse/plugins/com.st.stm32cube.ide.mcu.externaltools.gnu-tools-for-stm32.7-2018-q2-update.macos64_1.5.0.202011040924/tools/bin/../lib/gcc/arm-none-eabi/7.3.1/../../../../arm-none-eabi/lib/thumb/v7e-m/fpv4-sp/hard/libc_nano.a(lib_a-memset.o)
 .ARM.attributes
                0x000000000000058c       0x34 /Applications/STM32CubeIDE.app/Contents/Eclipse/plugins/com.st.stm32cube.ide.mcu.externaltools.gnu-tools-for-stm32.7-2018-q2-update.macos64_1.5.0.202011040924/tools/bin/../lib/gcc/arm-none-eabi/7.3.1/../../../../arm-none-eabi/lib/thumb/v7e-m/fpv4-sp/hard/libm.a(lib_a-sf_floor.o)
 .ARM.attributes
                0x00000000000005c0       0x22 /Applications/STM32CubeIDE.app/Contents/Eclipse/plugins/com.st.stm32cube.ide.mcu.externaltools.gnu-tools-for-stm32.7-2018-q2-update.macos64_1.5.0.202011040924/tools/bin/../lib/gcc/arm-none-eabi/7.3.1/thumb/v7e-m/fpv4-sp/hard/libgcc.a(_arm_addsubdf3.o)
 .ARM.attributes
                0x00000000000005e2       0x22 /Applications/STM32CubeIDE.app/Contents/Eclipse/plugins/com.st.stm32cube.ide.mcu.externaltools.gnu-tools-for-stm32.7-2018-q2-update.macos64_1.5.0.202011040924/tools/bin/../lib/gcc/arm-none-eabi/7.3.1/thumb/v7e-m/fpv4-sp/hard/libgcc.a(_arm_muldivdf3.o)
 .ARM.attributes
                0x0000000000000604       0x22 /Applications/STM32CubeIDE.app/Contents/Eclipse/plugins/com.st.stm32cube.ide.mcu.externaltools.gnu-tools-for-stm32.7-2018-q2-update.macos64_1.5.0.202011040924/tools/bin/../lib/gcc/arm-none-eabi/7.3.1/thumb/v7e-m/fpv4-sp/hard/libgcc.a(_arm_fixdfsi.o)
 .ARM.attributes
                0x0000000000000626       0x22 /Applications/STM32CubeIDE.app/Contents/Eclipse/plugins/com.st.stm32cube.ide.mcu.externaltools.gnu-tools-for-stm32.7-2018-q2-update.macos64_1.5.0.202011040924/tools/bin/../lib/gcc/arm-none-eabi/7.3.1/thumb/v7e-m/fpv4-sp/hard/libgcc.a(_arm_truncdfsf2.o)
 .ARM.attributes
                0x0000000000000648       0x22 /Applications/STM32CubeIDE.app/Contents/Eclipse/plugins/com.st.stm32cube.ide.mcu.externaltools.gnu-tools-for-stm32.7-2018-q2-update.macos64_1.5.0.202011040924/tools/bin/../lib/gcc/arm-none-eabi/7.3.1/thumb/v7e-m/fpv4-sp/hard/libgcc.a(_aeabi_uldivmod.o)
 .ARM.attributes
                0x000000000000066a       0x34 /Applications/STM32CubeIDE.app/Contents/Eclipse/plugins/com.st.stm32cube.ide.mcu.externaltools.gnu-tools-for-stm32.7-2018-q2-update.macos64_1.5.0.202011040924/tools/bin/../lib/gcc/arm-none-eabi/7.3.1/thumb/v7e-m/fpv4-sp/hard/libgcc.a(_udivmoddi4.o)
 .ARM.attributes
                0x000000000000069e       0x22 /Applications/STM32CubeIDE.app/Contents/Eclipse/plugins/com.st.stm32cube.ide.mcu.externaltools.gnu-tools-for-stm32.7-2018-q2-update.macos64_1.5.0.202011040924/tools/bin/../lib/gcc/arm-none-eabi/7.3.1/thumb/v7e-m/fpv4-sp/hard/libgcc.a(_dvmd_tls.o)
 .ARM.attributes
                0x00000000000006c0       0x22 /Applications/STM32CubeIDE.app/Contents/Eclipse/plugins/com.st.stm32cube.ide.mcu.externaltools.gnu-tools-for-stm32.7-2018-q2-update.macos64_1.5.0.202011040924/tools/bin/../lib/gcc/arm-none-eabi/7.3.1/thumb/v7e-m/fpv4-sp/hard/crtn.o
OUTPUT(Projekt.elf elf32-littlearm)

.debug_info     0x0000000000000000    0x1244e
 .debug_info    0x0000000000000000      0xbaa Core/Src/bmp280.o
 .debug_info    0x0000000000000baa      0x7c7 Core/Src/gpio.o
 .debug_info    0x0000000000001371     0x206b Core/Src/main.o
 .debug_info    0x00000000000033dc      0xa02 Core/Src/spi.o
 .debug_info    0x0000000000003dde      0x389 Core/Src/stm32f7xx_hal_msp.o
 .debug_info    0x0000000000004167      0xa4a Core/Src/stm32f7xx_it.o
 .debug_info    0x0000000000004bb1      0x73d Core/Src/system_stm32f7xx.o
 .debug_info    0x00000000000052ee     0x1017 Core/Src/tim.o
 .debug_info    0x0000000000006305      0xccc Core/Src/usart.o
 .debug_info    0x0000000000006fd1       0x22 Core/Startup/startup_stm32f746zgtx.o
 .debug_info    0x0000000000006ff3      0x9d3 Drivers/STM32F7xx_HAL_Driver/Src/stm32f7xx_hal.o
 .debug_info    0x00000000000079c6     0x104a Drivers/STM32F7xx_HAL_Driver/Src/stm32f7xx_hal_cortex.o
 .debug_info    0x0000000000008a10      0x968 Drivers/STM32F7xx_HAL_Driver/Src/stm32f7xx_hal_dma.o
 .debug_info    0x0000000000009378      0x7dc Drivers/STM32F7xx_HAL_Driver/Src/stm32f7xx_hal_gpio.o
 .debug_info    0x0000000000009b54      0x9b4 Drivers/STM32F7xx_HAL_Driver/Src/stm32f7xx_hal_pwr.o
 .debug_info    0x000000000000a508      0x96b Drivers/STM32F7xx_HAL_Driver/Src/stm32f7xx_hal_pwr_ex.o
 .debug_info    0x000000000000ae73      0x935 Drivers/STM32F7xx_HAL_Driver/Src/stm32f7xx_hal_rcc.o
 .debug_info    0x000000000000b7a8      0x7ad Drivers/STM32F7xx_HAL_Driver/Src/stm32f7xx_hal_rcc_ex.o
 .debug_info    0x000000000000bf55     0x166a Drivers/STM32F7xx_HAL_Driver/Src/stm32f7xx_hal_spi.o
 .debug_info    0x000000000000d5bf     0x25a2 Drivers/STM32F7xx_HAL_Driver/Src/stm32f7xx_hal_tim.o
 .debug_info    0x000000000000fb61     0x121c Drivers/STM32F7xx_HAL_Driver/Src/stm32f7xx_hal_tim_ex.o
 .debug_info    0x0000000000010d7d     0x16d1 Drivers/STM32F7xx_HAL_Driver/Src/stm32f7xx_hal_uart.o

.debug_abbrev   0x0000000000000000     0x271f
 .debug_abbrev  0x0000000000000000      0x1b8 Core/Src/bmp280.o
 .debug_abbrev  0x00000000000001b8      0x13d Core/Src/gpio.o
 .debug_abbrev  0x00000000000002f5      0x2e5 Core/Src/main.o
 .debug_abbrev  0x00000000000005da      0x199 Core/Src/spi.o
 .debug_abbrev  0x0000000000000773      0x109 Core/Src/stm32f7xx_hal_msp.o
 .debug_abbrev  0x000000000000087c      0x15a Core/Src/stm32f7xx_it.o
 .debug_abbrev  0x00000000000009d6      0x147 Core/Src/system_stm32f7xx.o
 .debug_abbrev  0x0000000000000b1d      0x1eb Core/Src/tim.o
 .debug_abbrev  0x0000000000000d08      0x1a2 Core/Src/usart.o
 .debug_abbrev  0x0000000000000eaa       0x12 Core/Startup/startup_stm32f746zgtx.o
 .debug_abbrev  0x0000000000000ebc      0x1c7 Drivers/STM32F7xx_HAL_Driver/Src/stm32f7xx_hal.o
 .debug_abbrev  0x0000000000001083      0x2fa Drivers/STM32F7xx_HAL_Driver/Src/stm32f7xx_hal_cortex.o
 .debug_abbrev  0x000000000000137d      0x229 Drivers/STM32F7xx_HAL_Driver/Src/stm32f7xx_hal_dma.o
 .debug_abbrev  0x00000000000015a6      0x1c9 Drivers/STM32F7xx_HAL_Driver/Src/stm32f7xx_hal_gpio.o
 .debug_abbrev  0x000000000000176f      0x1b6 Drivers/STM32F7xx_HAL_Driver/Src/stm32f7xx_hal_pwr.o
 .debug_abbrev  0x0000000000001925      0x1b8 Drivers/STM32F7xx_HAL_Driver/Src/stm32f7xx_hal_pwr_ex.o
 .debug_abbrev  0x0000000000001add      0x21a Drivers/STM32F7xx_HAL_Driver/Src/stm32f7xx_hal_rcc.o
 .debug_abbrev  0x0000000000001cf7      0x1ad Drivers/STM32F7xx_HAL_Driver/Src/stm32f7xx_hal_rcc_ex.o
 .debug_abbrev  0x0000000000001ea4      0x228 Drivers/STM32F7xx_HAL_Driver/Src/stm32f7xx_hal_spi.o
 .debug_abbrev  0x00000000000020cc      0x230 Drivers/STM32F7xx_HAL_Driver/Src/stm32f7xx_hal_tim.o
 .debug_abbrev  0x00000000000022fc      0x21e Drivers/STM32F7xx_HAL_Driver/Src/stm32f7xx_hal_tim_ex.o
 .debug_abbrev  0x000000000000251a      0x205 Drivers/STM32F7xx_HAL_Driver/Src/stm32f7xx_hal_uart.o

.debug_aranges  0x0000000000000000     0x10e0
 .debug_aranges
                0x0000000000000000       0xc0 Core/Src/bmp280.o
 .debug_aranges
                0x00000000000000c0       0x20 Core/Src/gpio.o
 .debug_aranges
                0x00000000000000e0       0x58 Core/Src/main.o
 .debug_aranges
                0x0000000000000138       0x30 Core/Src/spi.o
 .debug_aranges
                0x0000000000000168       0x20 Core/Src/stm32f7xx_hal_msp.o
 .debug_aranges
                0x0000000000000188       0x80 Core/Src/stm32f7xx_it.o
 .debug_aranges
                0x0000000000000208       0x28 Core/Src/system_stm32f7xx.o
 .debug_aranges
                0x0000000000000230       0x60 Core/Src/tim.o
 .debug_aranges
                0x0000000000000290       0x30 Core/Src/usart.o
 .debug_aranges
                0x00000000000002c0       0x28 Core/Startup/startup_stm32f746zgtx.o
 .debug_aranges
                0x00000000000002e8      0x100 Drivers/STM32F7xx_HAL_Driver/Src/stm32f7xx_hal.o
 .debug_aranges
                0x00000000000003e8      0x118 Drivers/STM32F7xx_HAL_Driver/Src/stm32f7xx_hal_cortex.o
 .debug_aranges
                0x0000000000000500       0x90 Drivers/STM32F7xx_HAL_Driver/Src/stm32f7xx_hal_dma.o
 .debug_aranges
                0x0000000000000590       0x58 Drivers/STM32F7xx_HAL_Driver/Src/stm32f7xx_hal_gpio.o
 .debug_aranges
                0x00000000000005e8       0xa0 Drivers/STM32F7xx_HAL_Driver/Src/stm32f7xx_hal_pwr.o
 .debug_aranges
                0x0000000000000688       0x80 Drivers/STM32F7xx_HAL_Driver/Src/stm32f7xx_hal_pwr_ex.o
 .debug_aranges
                0x0000000000000708       0x88 Drivers/STM32F7xx_HAL_Driver/Src/stm32f7xx_hal_rcc.o
 .debug_aranges
                0x0000000000000790       0x50 Drivers/STM32F7xx_HAL_Driver/Src/stm32f7xx_hal_rcc_ex.o
 .debug_aranges
                0x00000000000007e0      0x1d8 Drivers/STM32F7xx_HAL_Driver/Src/stm32f7xx_hal_spi.o
 .debug_aranges
                0x00000000000009b8      0x3b8 Drivers/STM32F7xx_HAL_Driver/Src/stm32f7xx_hal_tim.o
 .debug_aranges
                0x0000000000000d70      0x160 Drivers/STM32F7xx_HAL_Driver/Src/stm32f7xx_hal_tim_ex.o
 .debug_aranges
                0x0000000000000ed0      0x210 Drivers/STM32F7xx_HAL_Driver/Src/stm32f7xx_hal_uart.o

.debug_ranges   0x0000000000000000      0xf88
 .debug_ranges  0x0000000000000000       0xb0 Core/Src/bmp280.o
 .debug_ranges  0x00000000000000b0       0x10 Core/Src/gpio.o
 .debug_ranges  0x00000000000000c0       0x48 Core/Src/main.o
 .debug_ranges  0x0000000000000108       0x20 Core/Src/spi.o
 .debug_ranges  0x0000000000000128       0x10 Core/Src/stm32f7xx_hal_msp.o
 .debug_ranges  0x0000000000000138       0x70 Core/Src/stm32f7xx_it.o
 .debug_ranges  0x00000000000001a8       0x18 Core/Src/system_stm32f7xx.o
 .debug_ranges  0x00000000000001c0       0x50 Core/Src/tim.o
 .debug_ranges  0x0000000000000210       0x20 Core/Src/usart.o
 .debug_ranges  0x0000000000000230       0x20 Core/Startup/startup_stm32f746zgtx.o
 .debug_ranges  0x0000000000000250       0xf0 Drivers/STM32F7xx_HAL_Driver/Src/stm32f7xx_hal.o
 .debug_ranges  0x0000000000000340      0x108 Drivers/STM32F7xx_HAL_Driver/Src/stm32f7xx_hal_cortex.o
 .debug_ranges  0x0000000000000448       0x80 Drivers/STM32F7xx_HAL_Driver/Src/stm32f7xx_hal_dma.o
 .debug_ranges  0x00000000000004c8       0x48 Drivers/STM32F7xx_HAL_Driver/Src/stm32f7xx_hal_gpio.o
 .debug_ranges  0x0000000000000510       0x90 Drivers/STM32F7xx_HAL_Driver/Src/stm32f7xx_hal_pwr.o
 .debug_ranges  0x00000000000005a0       0x70 Drivers/STM32F7xx_HAL_Driver/Src/stm32f7xx_hal_pwr_ex.o
 .debug_ranges  0x0000000000000610       0x78 Drivers/STM32F7xx_HAL_Driver/Src/stm32f7xx_hal_rcc.o
 .debug_ranges  0x0000000000000688       0x40 Drivers/STM32F7xx_HAL_Driver/Src/stm32f7xx_hal_rcc_ex.o
 .debug_ranges  0x00000000000006c8      0x1c8 Drivers/STM32F7xx_HAL_Driver/Src/stm32f7xx_hal_spi.o
 .debug_ranges  0x0000000000000890      0x3a8 Drivers/STM32F7xx_HAL_Driver/Src/stm32f7xx_hal_tim.o
 .debug_ranges  0x0000000000000c38      0x150 Drivers/STM32F7xx_HAL_Driver/Src/stm32f7xx_hal_tim_ex.o
 .debug_ranges  0x0000000000000d88      0x200 Drivers/STM32F7xx_HAL_Driver/Src/stm32f7xx_hal_uart.o

.debug_macro    0x0000000000000000    0x27114
 .debug_macro   0x0000000000000000       0x85 Core/Src/bmp280.o
 .debug_macro   0x0000000000000085      0xa5a Core/Src/bmp280.o
 .debug_macro   0x0000000000000adf       0x22 Core/Src/bmp280.o
 .debug_macro   0x0000000000000b01       0x8e Core/Src/bmp280.o
 .debug_macro   0x0000000000000b8f       0x51 Core/Src/bmp280.o
 .debug_macro   0x0000000000000be0       0xef Core/Src/bmp280.o
 .debug_macro   0x0000000000000ccf       0x6a Core/Src/bmp280.o
 .debug_macro   0x0000000000000d39      0x1df Core/Src/bmp280.o
 .debug_macro   0x0000000000000f18      0x174 Core/Src/bmp280.o
 .debug_macro   0x000000000000108c      0x4a5 Core/Src/bmp280.o
 .debug_macro   0x0000000000001531      0x211 Core/Src/gpio.o
 .debug_macro   0x0000000000001742      0x299 Core/Src/gpio.o
 .debug_macro   0x00000000000019db       0x2e Core/Src/gpio.o
 .debug_macro   0x0000000000001a09       0x3b Core/Src/gpio.o
 .debug_macro   0x0000000000001a44       0x1c Core/Src/gpio.o
 .debug_macro   0x0000000000001a60       0x22 Core/Src/gpio.o
 .debug_macro   0x0000000000001a82       0xdf Core/Src/gpio.o
 .debug_macro   0x0000000000001b61     0x12cd Core/Src/gpio.o
 .debug_macro   0x0000000000002e2e      0x11f Core/Src/gpio.o
 .debug_macro   0x0000000000002f4d       0x19 Core/Src/gpio.o
 .debug_macro   0x0000000000002f66    0x190f0 Core/Src/gpio.o
 .debug_macro   0x000000000001c056       0x43 Core/Src/gpio.o
 .debug_macro   0x000000000001c099     0x36b4 Core/Src/gpio.o
 .debug_macro   0x000000000001f74d       0x61 Core/Src/gpio.o
 .debug_macro   0x000000000001f7ae     0x18ad Core/Src/gpio.o
 .debug_macro   0x000000000002105b      0x6c4 Core/Src/gpio.o
 .debug_macro   0x000000000002171f      0x185 Core/Src/gpio.o
 .debug_macro   0x00000000000218a4      0x117 Core/Src/gpio.o
 .debug_macro   0x00000000000219bb      0x1fe Core/Src/gpio.o
 .debug_macro   0x0000000000021bb9       0x27 Core/Src/gpio.o
 .debug_macro   0x0000000000021be0      0x24f Core/Src/gpio.o
 .debug_macro   0x0000000000021e2f       0x41 Core/Src/gpio.o
 .debug_macro   0x0000000000021e70       0x58 Core/Src/gpio.o
 .debug_macro   0x0000000000021ec8      0x236 Core/Src/gpio.o
 .debug_macro   0x00000000000220fe      0x14f Core/Src/gpio.o
 .debug_macro   0x000000000002224d      0x25b Core/Src/gpio.o
 .debug_macro   0x00000000000224a8       0x12 Core/Src/gpio.o
 .debug_macro   0x00000000000224ba      0x22c Core/Src/gpio.o
 .debug_macro   0x00000000000226e6       0x5a Core/Src/gpio.o
 .debug_macro   0x0000000000022740       0xa5 Core/Src/gpio.o
 .debug_macro   0x00000000000227e5      0x12f Core/Src/gpio.o
 .debug_macro   0x0000000000022914      0x108 Core/Src/gpio.o
 .debug_macro   0x0000000000022a1c       0x35 Core/Src/gpio.o
 .debug_macro   0x0000000000022a51      0x2fe Core/Src/gpio.o
 .debug_macro   0x0000000000022d4f      0xa2f Core/Src/gpio.o
 .debug_macro   0x000000000002377e       0x59 Core/Src/gpio.o
 .debug_macro   0x00000000000237d7      0x53c Core/Src/gpio.o
 .debug_macro   0x0000000000023d13       0x44 Core/Src/gpio.o
 .debug_macro   0x0000000000023d57      0x14e Core/Src/gpio.o
 .debug_macro   0x0000000000023ea5      0x24c Core/Src/gpio.o
 .debug_macro   0x00000000000240f1      0x30a Core/Src/main.o
 .debug_macro   0x00000000000243fb       0x46 Core/Src/main.o
 .debug_macro   0x0000000000024441       0x18 Core/Src/main.o
 .debug_macro   0x0000000000024459       0x3c Core/Src/main.o
 .debug_macro   0x0000000000024495       0x34 Core/Src/main.o
 .debug_macro   0x00000000000244c9       0x52 Core/Src/main.o
 .debug_macro   0x000000000002451b       0x1f Core/Src/main.o
 .debug_macro   0x000000000002453a       0x43 Core/Src/main.o
 .debug_macro   0x000000000002457d       0x20 Core/Src/main.o
 .debug_macro   0x000000000002459d      0x1a3 Core/Src/main.o
 .debug_macro   0x0000000000024740      0x32a Core/Src/main.o
 .debug_macro   0x0000000000024a6a      0x1e1 Core/Src/main.o
 .debug_macro   0x0000000000024c4b      0x211 Core/Src/spi.o
 .debug_macro   0x0000000000024e5c      0x207 Core/Src/stm32f7xx_hal_msp.o
 .debug_macro   0x0000000000025063      0x211 Core/Src/stm32f7xx_it.o
 .debug_macro   0x0000000000025274      0x1fe Core/Src/system_stm32f7xx.o
 .debug_macro   0x0000000000025472      0x211 Core/Src/tim.o
 .debug_macro   0x0000000000025683      0x211 Core/Src/usart.o
 .debug_macro   0x0000000000025894      0x21c Drivers/STM32F7xx_HAL_Driver/Src/stm32f7xx_hal.o
 .debug_macro   0x0000000000025ab0      0x1f8 Drivers/STM32F7xx_HAL_Driver/Src/stm32f7xx_hal_cortex.o
 .debug_macro   0x0000000000025ca8      0x1fe Drivers/STM32F7xx_HAL_Driver/Src/stm32f7xx_hal_dma.o
 .debug_macro   0x0000000000025ea6      0x22e Drivers/STM32F7xx_HAL_Driver/Src/stm32f7xx_hal_gpio.o
 .debug_macro   0x00000000000260d4      0x216 Drivers/STM32F7xx_HAL_Driver/Src/stm32f7xx_hal_pwr.o
 .debug_macro   0x00000000000262ea      0x210 Drivers/STM32F7xx_HAL_Driver/Src/stm32f7xx_hal_pwr_ex.o
 .debug_macro   0x00000000000264fa      0x21c Drivers/STM32F7xx_HAL_Driver/Src/stm32f7xx_hal_rcc.o
 .debug_macro   0x0000000000026716      0x1f8 Drivers/STM32F7xx_HAL_Driver/Src/stm32f7xx_hal_rcc_ex.o
 .debug_macro   0x000000000002690e      0x200 Drivers/STM32F7xx_HAL_Driver/Src/stm32f7xx_hal_spi.o
 .debug_macro   0x0000000000026b0e      0x1f9 Drivers/STM32F7xx_HAL_Driver/Src/stm32f7xx_hal_tim.o
 .debug_macro   0x0000000000026d07      0x1f8 Drivers/STM32F7xx_HAL_Driver/Src/stm32f7xx_hal_tim_ex.o
 .debug_macro   0x0000000000026eff      0x215 Drivers/STM32F7xx_HAL_Driver/Src/stm32f7xx_hal_uart.o

.debug_line     0x0000000000000000     0xdd82
 .debug_line    0x0000000000000000      0x732 Core/Src/bmp280.o
 .debug_line    0x0000000000000732      0x786 Core/Src/gpio.o
 .debug_line    0x0000000000000eb8      0x9f0 Core/Src/main.o
 .debug_line    0x00000000000018a8      0x753 Core/Src/spi.o
 .debug_line    0x0000000000001ffb      0x71d Core/Src/stm32f7xx_hal_msp.o
 .debug_line    0x0000000000002718      0x80b Core/Src/stm32f7xx_it.o
 .debug_line    0x0000000000002f23      0x736 Core/Src/system_stm32f7xx.o
 .debug_line    0x0000000000003659      0x83d Core/Src/tim.o
 .debug_line    0x0000000000003e96      0x756 Core/Src/usart.o
 .debug_line    0x00000000000045ec       0x85 Core/Startup/startup_stm32f746zgtx.o
 .debug_line    0x0000000000004671      0x945 Drivers/STM32F7xx_HAL_Driver/Src/stm32f7xx_hal.o
 .debug_line    0x0000000000004fb6      0xa46 Drivers/STM32F7xx_HAL_Driver/Src/stm32f7xx_hal_cortex.o
 .debug_line    0x00000000000059fc      0x9f1 Drivers/STM32F7xx_HAL_Driver/Src/stm32f7xx_hal_dma.o
 .debug_line    0x00000000000063ed      0x92a Drivers/STM32F7xx_HAL_Driver/Src/stm32f7xx_hal_gpio.o
 .debug_line    0x0000000000006d17      0x88a Drivers/STM32F7xx_HAL_Driver/Src/stm32f7xx_hal_pwr.o
 .debug_line    0x00000000000075a1      0x866 Drivers/STM32F7xx_HAL_Driver/Src/stm32f7xx_hal_pwr_ex.o
 .debug_line    0x0000000000007e07      0x9bb Drivers/STM32F7xx_HAL_Driver/Src/stm32f7xx_hal_rcc.o
 .debug_line    0x00000000000087c2      0x92d Drivers/STM32F7xx_HAL_Driver/Src/stm32f7xx_hal_rcc_ex.o
 .debug_line    0x00000000000090ef     0x1198 Drivers/STM32F7xx_HAL_Driver/Src/stm32f7xx_hal_spi.o
 .debug_line    0x000000000000a287     0x1a62 Drivers/STM32F7xx_HAL_Driver/Src/stm32f7xx_hal_tim.o
 .debug_line    0x000000000000bce9      0xdcd Drivers/STM32F7xx_HAL_Driver/Src/stm32f7xx_hal_tim_ex.o
 .debug_line    0x000000000000cab6     0x12cc Drivers/STM32F7xx_HAL_Driver/Src/stm32f7xx_hal_uart.o

.debug_str      0x0000000000000000    0xf2267
 .debug_str     0x0000000000000000     0x59af Core/Src/bmp280.o
                                       0x5c2f (size before relaxing)
 .debug_str     0x00000000000059af    0xe4c4e Core/Src/gpio.o
                                      0xe9098 (size before relaxing)
 .debug_str     0x00000000000ea5fd     0x436c Core/Src/main.o
                                      0xee9cb (size before relaxing)
 .debug_str     0x00000000000ee969       0x4b Core/Src/spi.o
                                      0xe8f6d (size before relaxing)
 .debug_str     0x00000000000ee9b4       0x2c Core/Src/stm32f7xx_hal_msp.o
                                      0xe8a5a (size before relaxing)
 .debug_str     0x00000000000ee9e0      0x104 Core/Src/stm32f7xx_it.o
                                      0xe9076 (size before relaxing)
 .debug_str     0x00000000000eeae4      0x18d Core/Src/system_stm32f7xx.o
                                      0xe829e (size before relaxing)
 .debug_str     0x00000000000eec71      0x286 Core/Src/tim.o
                                      0xe9787 (size before relaxing)
 .debug_str     0x00000000000eeef7       0x57 Core/Src/usart.o
                                      0xe9504 (size before relaxing)
 .debug_str     0x00000000000eef4e       0x36 Core/Startup/startup_stm32f746zgtx.o
                                         0x74 (size before relaxing)
 .debug_str     0x00000000000eef84      0x37a Drivers/STM32F7xx_HAL_Driver/Src/stm32f7xx_hal.o
                                      0xe8b50 (size before relaxing)
 .debug_str     0x00000000000ef2fe      0x38f Drivers/STM32F7xx_HAL_Driver/Src/stm32f7xx_hal_cortex.o
                                      0xe8bf7 (size before relaxing)
 .debug_str     0x00000000000ef68d      0x323 Drivers/STM32F7xx_HAL_Driver/Src/stm32f7xx_hal_dma.o
                                      0xe85d8 (size before relaxing)
 .debug_str     0x00000000000ef9b0      0x216 Drivers/STM32F7xx_HAL_Driver/Src/stm32f7xx_hal_gpio.o
                                      0xe8474 (size before relaxing)
 .debug_str     0x00000000000efbc6      0x2c5 Drivers/STM32F7xx_HAL_Driver/Src/stm32f7xx_hal_pwr.o
                                      0xe8556 (size before relaxing)
 .debug_str     0x00000000000efe8b      0x1bd Drivers/STM32F7xx_HAL_Driver/Src/stm32f7xx_hal_pwr_ex.o
                                      0xe8518 (size before relaxing)
 .debug_str     0x00000000000f0048      0x278 Drivers/STM32F7xx_HAL_Driver/Src/stm32f7xx_hal_rcc.o
                                      0xe85b9 (size before relaxing)
 .debug_str     0x00000000000f02c0      0x161 Drivers/STM32F7xx_HAL_Driver/Src/stm32f7xx_hal_rcc_ex.o
                                      0xe8543 (size before relaxing)
 .debug_str     0x00000000000f0421      0x577 Drivers/STM32F7xx_HAL_Driver/Src/stm32f7xx_hal_spi.o
                                      0xe8a58 (size before relaxing)
 .debug_str     0x00000000000f0998      0xbf5 Drivers/STM32F7xx_HAL_Driver/Src/stm32f7xx_hal_tim.o
                                      0xe932a (size before relaxing)
 .debug_str     0x00000000000f158d      0x504 Drivers/STM32F7xx_HAL_Driver/Src/stm32f7xx_hal_tim_ex.o
                                      0xe8b7d (size before relaxing)
 .debug_str     0x00000000000f1a91      0x7d6 Drivers/STM32F7xx_HAL_Driver/Src/stm32f7xx_hal_uart.o
                                      0xe8dfd (size before relaxing)

.comment        0x0000000000000000       0x7b
 .comment       0x0000000000000000       0x7b Core/Src/bmp280.o
                                         0x7c (size before relaxing)
 .comment       0x000000000000007b       0x7c Core/Src/gpio.o
 .comment       0x000000000000007b       0x7c Core/Src/main.o
 .comment       0x000000000000007b       0x7c Core/Src/spi.o
 .comment       0x000000000000007b       0x7c Core/Src/stm32f7xx_hal_msp.o
 .comment       0x000000000000007b       0x7c Core/Src/stm32f7xx_it.o
 .comment       0x000000000000007b       0x7c Core/Src/system_stm32f7xx.o
 .comment       0x000000000000007b       0x7c Core/Src/tim.o
 .comment       0x000000000000007b       0x7c Core/Src/usart.o
 .comment       0x000000000000007b       0x7c Drivers/STM32F7xx_HAL_Driver/Src/stm32f7xx_hal.o
 .comment       0x000000000000007b       0x7c Drivers/STM32F7xx_HAL_Driver/Src/stm32f7xx_hal_cortex.o
 .comment       0x000000000000007b       0x7c Drivers/STM32F7xx_HAL_Driver/Src/stm32f7xx_hal_dma.o
 .comment       0x000000000000007b       0x7c Drivers/STM32F7xx_HAL_Driver/Src/stm32f7xx_hal_gpio.o
 .comment       0x000000000000007b       0x7c Drivers/STM32F7xx_HAL_Driver/Src/stm32f7xx_hal_pwr.o
 .comment       0x000000000000007b       0x7c Drivers/STM32F7xx_HAL_Driver/Src/stm32f7xx_hal_pwr_ex.o
 .comment       0x000000000000007b       0x7c Drivers/STM32F7xx_HAL_Driver/Src/stm32f7xx_hal_rcc.o
 .comment       0x000000000000007b       0x7c Drivers/STM32F7xx_HAL_Driver/Src/stm32f7xx_hal_rcc_ex.o
 .comment       0x000000000000007b       0x7c Drivers/STM32F7xx_HAL_Driver/Src/stm32f7xx_hal_spi.o
 .comment       0x000000000000007b       0x7c Drivers/STM32F7xx_HAL_Driver/Src/stm32f7xx_hal_tim.o
 .comment       0x000000000000007b       0x7c Drivers/STM32F7xx_HAL_Driver/Src/stm32f7xx_hal_tim_ex.o
 .comment       0x000000000000007b       0x7c Drivers/STM32F7xx_HAL_Driver/Src/stm32f7xx_hal_uart.o

.debug_frame    0x0000000000000000     0x472c
 .debug_frame   0x0000000000000000      0x338 Core/Src/bmp280.o
 .debug_frame   0x0000000000000338       0x38 Core/Src/gpio.o
 .debug_frame   0x0000000000000370      0x134 Core/Src/main.o
 .debug_frame   0x00000000000004a4       0x74 Core/Src/spi.o
 .debug_frame   0x0000000000000518       0x38 Core/Src/stm32f7xx_hal_msp.o
 .debug_frame   0x0000000000000550      0x17c Core/Src/stm32f7xx_it.o
 .debug_frame   0x00000000000006cc       0x58 Core/Src/system_stm32f7xx.o
 .debug_frame   0x0000000000000724      0x154 Core/Src/tim.o
 .debug_frame   0x0000000000000878       0x74 Core/Src/usart.o
 .debug_frame   0x00000000000008ec      0x3b4 Drivers/STM32F7xx_HAL_Driver/Src/stm32f7xx_hal.o
 .debug_frame   0x0000000000000ca0      0x498 Drivers/STM32F7xx_HAL_Driver/Src/stm32f7xx_hal_cortex.o
 .debug_frame   0x0000000000001138      0x250 Drivers/STM32F7xx_HAL_Driver/Src/stm32f7xx_hal_dma.o
 .debug_frame   0x0000000000001388      0x14c Drivers/STM32F7xx_HAL_Driver/Src/stm32f7xx_hal_gpio.o
 .debug_frame   0x00000000000014d4      0x254 Drivers/STM32F7xx_HAL_Driver/Src/stm32f7xx_hal_pwr.o
 .debug_frame   0x0000000000001728      0x1c8 Drivers/STM32F7xx_HAL_Driver/Src/stm32f7xx_hal_pwr_ex.o
 .debug_frame   0x00000000000018f0      0x1f4 Drivers/STM32F7xx_HAL_Driver/Src/stm32f7xx_hal_rcc.o
 .debug_frame   0x0000000000001ae4      0x118 Drivers/STM32F7xx_HAL_Driver/Src/stm32f7xx_hal_rcc_ex.o
 .debug_frame   0x0000000000001bfc      0x860 Drivers/STM32F7xx_HAL_Driver/Src/stm32f7xx_hal_spi.o
 .debug_frame   0x000000000000245c     0x1144 Drivers/STM32F7xx_HAL_Driver/Src/stm32f7xx_hal_tim.o
 .debug_frame   0x00000000000035a0      0x610 Drivers/STM32F7xx_HAL_Driver/Src/stm32f7xx_hal_tim_ex.o
 .debug_frame   0x0000000000003bb0      0x96c Drivers/STM32F7xx_HAL_Driver/Src/stm32f7xx_hal_uart.o
 .debug_frame   0x000000000000451c       0x2c /Applications/STM32CubeIDE.app/Contents/Eclipse/plugins/com.st.stm32cube.ide.mcu.externaltools.gnu-tools-for-stm32.7-2018-q2-update.macos64_1.5.0.202011040924/tools/bin/../lib/gcc/arm-none-eabi/7.3.1/../../../../arm-none-eabi/lib/thumb/v7e-m/fpv4-sp/hard/libc_nano.a(lib_a-init.o)
 .debug_frame   0x0000000000004548       0x20 /Applications/STM32CubeIDE.app/Contents/Eclipse/plugins/com.st.stm32cube.ide.mcu.externaltools.gnu-tools-for-stm32.7-2018-q2-update.macos64_1.5.0.202011040924/tools/bin/../lib/gcc/arm-none-eabi/7.3.1/../../../../arm-none-eabi/lib/thumb/v7e-m/fpv4-sp/hard/libc_nano.a(lib_a-memset.o)
 .debug_frame   0x0000000000004568       0x20 /Applications/STM32CubeIDE.app/Contents/Eclipse/plugins/com.st.stm32cube.ide.mcu.externaltools.gnu-tools-for-stm32.7-2018-q2-update.macos64_1.5.0.202011040924/tools/bin/../lib/gcc/arm-none-eabi/7.3.1/../../../../arm-none-eabi/lib/thumb/v7e-m/fpv4-sp/hard/libm.a(lib_a-sf_floor.o)
 .debug_frame   0x0000000000004588       0xac /Applications/STM32CubeIDE.app/Contents/Eclipse/plugins/com.st.stm32cube.ide.mcu.externaltools.gnu-tools-for-stm32.7-2018-q2-update.macos64_1.5.0.202011040924/tools/bin/../lib/gcc/arm-none-eabi/7.3.1/thumb/v7e-m/fpv4-sp/hard/libgcc.a(_arm_addsubdf3.o)
 .debug_frame   0x0000000000004634       0x50 /Applications/STM32CubeIDE.app/Contents/Eclipse/plugins/com.st.stm32cube.ide.mcu.externaltools.gnu-tools-for-stm32.7-2018-q2-update.macos64_1.5.0.202011040924/tools/bin/../lib/gcc/arm-none-eabi/7.3.1/thumb/v7e-m/fpv4-sp/hard/libgcc.a(_arm_muldivdf3.o)
 .debug_frame   0x0000000000004684       0x24 /Applications/STM32CubeIDE.app/Contents/Eclipse/plugins/com.st.stm32cube.ide.mcu.externaltools.gnu-tools-for-stm32.7-2018-q2-update.macos64_1.5.0.202011040924/tools/bin/../lib/gcc/arm-none-eabi/7.3.1/thumb/v7e-m/fpv4-sp/hard/libgcc.a(_arm_fixdfsi.o)
 .debug_frame   0x00000000000046a8       0x24 /Applications/STM32CubeIDE.app/Contents/Eclipse/plugins/com.st.stm32cube.ide.mcu.externaltools.gnu-tools-for-stm32.7-2018-q2-update.macos64_1.5.0.202011040924/tools/bin/../lib/gcc/arm-none-eabi/7.3.1/thumb/v7e-m/fpv4-sp/hard/libgcc.a(_arm_truncdfsf2.o)
 .debug_frame   0x00000000000046cc       0x2c /Applications/STM32CubeIDE.app/Contents/Eclipse/plugins/com.st.stm32cube.ide.mcu.externaltools.gnu-tools-for-stm32.7-2018-q2-update.macos64_1.5.0.202011040924/tools/bin/../lib/gcc/arm-none-eabi/7.3.1/thumb/v7e-m/fpv4-sp/hard/libgcc.a(_aeabi_uldivmod.o)
 .debug_frame   0x00000000000046f8       0x34 /Applications/STM32CubeIDE.app/Contents/Eclipse/plugins/com.st.stm32cube.ide.mcu.externaltools.gnu-tools-for-stm32.7-2018-q2-update.macos64_1.5.0.202011040924/tools/bin/../lib/gcc/arm-none-eabi/7.3.1/thumb/v7e-m/fpv4-sp/hard/libgcc.a(_udivmoddi4.o)
